Microchip MPLAB XC8 Compiler V2.05 ()

Linker command line:

-W-3 --edf=D:\Programs\Compilers\8 bit\pic\dat\en_msgs.txt -cs \
  -h+dist/default/production\counter_1512.X.production.sym \
  --cmf=dist/default/production\counter_1512.X.production.cmf -z -Q16F1512 \
  -oC:\Users\Jonas\AppData\Local\Temp\snlo.2 --defsym=__MPLAB_BUILD=1 \
  -Mdist/default/production/counter_1512.X.production.map -E1 -ver=XC8 \
  --acfsm=1493 -ASTACK=02033h-0206Fh -pstack=STACK -ACODE=00h-07FFh \
  -ASTRCODE=00h-07FFh -ASTRING=00h-0FFhx8 -ACONST=00h-0FFhx8 \
  -AENTRY=00h-0FFhx8 -ACOMMON=070h-07Fh -ABANK0=020h-06Fh -ABANK1=0A0h-0BFh \
  -ABIGRAM=02000h-0206Fh -ARAM=020h-06Fh,0A0h-0BFh \
  -AABS1=020h-07Fh,0A0h-0BFh -ASFR0=00h-01Fh -ASFR1=080h-09Fh \
  -ASFR2=0100h-016Fh -ASFR3=0180h-01EFh -ASFR4=0200h-026Fh \
  -ASFR5=0280h-02EFh -ASFR6=0300h-036Fh -ASFR7=0380h-03EFh \
  -ASFR8=0400h-046Fh -ASFR9=0480h-04EFh -ASFR10=0500h-056Fh \
  -ASFR11=0580h-05EFh -ASFR12=0600h-066Fh -ASFR13=0680h-06EFh \
  -ASFR14=0700h-076Fh -ASFR15=0780h-07EFh -ASFR16=0800h-086Fh \
  -ASFR17=0880h-08EFh -ASFR18=0900h-096Fh -ASFR19=0980h-09EFh \
  -ASFR20=0A00h-0A6Fh -ASFR21=0A80h-0AEFh -ASFR22=0B00h-0B6Fh \
  -ASFR23=0B80h-0BEFh -ASFR24=0C00h-0C6Fh -ASFR25=0C80h-0CEFh \
  -ASFR26=0D00h-0D6Fh -ASFR27=0D80h-0DEFh -ASFR28=0E00h-0E6Fh \
  -ASFR29=0E80h-0EEFh -ASFR30=0F00h-0F6Fh -ASFR31=0F80h-0FEFh \
  -preset_vec=00h,intentry=04h,init,end_init -ppowerup=CODE -pcinit=CODE \
  -pfunctab=ENTRY -ACONFIG=08007h-08008h -pconfig=CONFIG -DCONFIG=2 \
  -AIDLOC=08000h-08003h -pidloc=IDLOC -DIDLOC=2 -DCODE=2 -DSTRCODE=2 \
  -DSTRING=2 -DCONST=2 -DENTRY=2 -k \
  C:\Users\Jonas\AppData\Local\Temp\snlo.o \
  dist/default/production\counter_1512.X.production.o 

Object code version is 3.11

Machine type is 16F1512



                Name                               Link     Load   Length Selector   Space Scale
C:\Users\Jonas\AppData\Local\Temp\snlo.o
                end_init                              D        D        1        8       0
                reset_vec                             0        0        1        0       0
                config                             8007     8007        2    1000E       0
dist/default/production\counter_1512.X.production.o
                cinit                                 E        E        9        8       0
                intentry                              4        4        9        8       0
                text37                              411      411       1F        8       0
                text35                              52C      52C        9        8       0
                text34                              516      516        C        8       0
                text33                              577      577        3        8       0
                text32                              54B      54B        7        8       0
                text31                              509      509        D        8       0
                text30                              544      544        7        8       0
                text29                              574      574        3        8       0
                text28                              56F      56F        5        8       0
                text27                              4B9      4B9       16        8       0
                text26                              430      430       1D        8       0
                text25                              3C5      3C5       2B        8       0
                text24                              2E7      2E7       42        8       0
                text23                              329      329       3C        8       0
                text22                              4F9      4F9       10        8       0
                text21                              469      469       1C        8       0
                text20                              522      522        A        8       0
                text19                              53D      53D        7        8       0
                text18                              365      365       34        8       0
                text17                              399      399       2C        8       0
                text16                              485      485       1B        8       0
                text15                              3F0      3F0       21        8       0
                text14                               DD       DD       B3        8       0
                text13                              44D      44D       1C        8       0
                text12                              4A0      4A0       19        8       0
                text11                              535      535        8        8       0
                text10                              1F3      1F3       5F        8       0
                text9                               252      252       50        8       0
                text8                               4E4      4E4       15        8       0
                text7                               564      564        6        8       0
                text6                               56A      56A        5        8       0
                text5                               4CF      4CF       15        8       0
                text4                               55E      55E        6        8       0
                text3                               558      558        6        8       0
                text2                               190      190       63        8       0
                text1                                17       17       C6        8       0
                maintext                            2A2      2A2       45        8       0
                cstackBANK0                          44       44        E       20       1
                cstackCOMMON                         70       70        E       70       1
                clrtext                             552      552        6        8       0
                bssBANK0                             20       20       24       20       1
                nvBANK0                              52       52        1       20       1

TOTAL           Name                               Link     Load   Length     Space
        CLASS   STACK          

        CLASS   CODE           
                end_init                              D        D        1         0
                cinit                                 E        E        9         0
                intentry                              4        4        9         0
                reset_vec                             0        0        1         0
                text37                              411      411       1F         0
                text35                              52C      52C        9         0
                text34                              516      516        C         0
                text33                              577      577        3         0
                text32                              54B      54B        7         0
                text31                              509      509        D         0
                text30                              544      544        7         0
                text29                              574      574        3         0
                text28                              56F      56F        5         0
                text27                              4B9      4B9       16         0
                text26                              430      430       1D         0
                text25                              3C5      3C5       2B         0
                text24                              2E7      2E7       42         0
                text23                              329      329       3C         0
                text22                              4F9      4F9       10         0
                text21                              469      469       1C         0
                text20                              522      522        A         0
                text19                              53D      53D        7         0
                text18                              365      365       34         0
                text17                              399      399       2C         0
                text16                              485      485       1B         0
                text15                              3F0      3F0       21         0
                text14                               DD       DD       B3         0
                text13                              44D      44D       1C         0
                text12                              4A0      4A0       19         0
                text11                              535      535        8         0
                text10                              1F3      1F3       5F         0
                text9                               252      252       50         0
                text8                               4E4      4E4       15         0
                text7                               564      564        6         0
                text6                               56A      56A        5         0
                text5                               4CF      4CF       15         0
                text4                               55E      55E        6         0
                text3                               558      558        6         0
                text2                               190      190       63         0
                text1                                17       17       C6         0
                maintext                            2A2      2A2       45         0
                clrtext                             552      552        6         0

        CLASS   STRCODE        

        CLASS   STRING         

        CLASS   CONST          

        CLASS   ENTRY          

        CLASS   COMMON         
                cstackCOMMON                         70       70        E         1

        CLASS   BANK0          
                cstackBANK0                          44       44        E         1
                bssBANK0                             20       20       24         1
                nvBANK0                              52       52        1         1

        CLASS   BANK1          

        CLASS   BIGRAM         

        CLASS   RAM            

        CLASS   ABS1           
                abs_s1                               7E       7E        2         1

        CLASS   SFR0           

        CLASS   SFR1           

        CLASS   SFR2           

        CLASS   SFR3           

        CLASS   SFR4           

        CLASS   SFR5           

        CLASS   SFR6           

        CLASS   SFR7           

        CLASS   SFR8           

        CLASS   SFR9           

        CLASS   SFR10          

        CLASS   SFR11          

        CLASS   SFR12          

        CLASS   SFR13          

        CLASS   SFR14          

        CLASS   SFR15          

        CLASS   SFR16          

        CLASS   SFR17          

        CLASS   SFR18          

        CLASS   SFR19          

        CLASS   SFR20          

        CLASS   SFR21          

        CLASS   SFR22          

        CLASS   SFR23          

        CLASS   SFR24          

        CLASS   SFR25          

        CLASS   SFR26          

        CLASS   SFR27          

        CLASS   SFR28          

        CLASS   SFR29          

        CLASS   SFR30          

        CLASS   SFR31          

        CLASS   CONFIG         
                config                             8007     8007        2         0

        CLASS   IDLOC          

        CLASS   BANK31         

        CLASS   BANK30         

        CLASS   BANK29         

        CLASS   BANK28         

        CLASS   BANK27         

        CLASS   BANK26         

        CLASS   BANK25         

        CLASS   BANK24         

        CLASS   BANK23         

        CLASS   BANK22         

        CLASS   BANK21         

        CLASS   BANK20         

        CLASS   BANK19         

        CLASS   BANK18         

        CLASS   BANK17         

        CLASS   BANK16         

        CLASS   BANK15         

        CLASS   BANK14         

        CLASS   BANK13         

        CLASS   BANK12         

        CLASS   BANK11         

        CLASS   BANK10         

        CLASS   BANK9          

        CLASS   BANK8          

        CLASS   BANK7          

        CLASS   BANK6          

        CLASS   BANK5          

        CLASS   BANK4          

        CLASS   BANK3          

        CLASS   BANK2          

        CLASS   EEDATA         



SEGMENTS        Name                           Load    Length   Top    Selector   Space  Class     Delta

                reset_vec                      000000  000001  000001         0       0  CODE        2
                intentry                       000004  000576  00057A         8       0  CODE        2
                bssBANK0                       000020  000033  000053        20       1  BANK0       1
                cstackCOMMON                   000070  00000E  00007E        70       1  COMMON      1
                config                         008007  000002  008009     1000E       0  CONFIG      2


UNUSED ADDRESS RANGES

        Name                Unused          Largest block    Delta
        BANK0            00053-0006F              1D           1
        BANK1            000A0-000BF              20           1
        BIGRAM           02000-0206F              70           1
        CODE             00001-00003               3           2
                         0057A-007FF             286
        CONST            00001-00003               3           2
                         0057A-007FF             100
        ENTRY            00001-00003               3           2
                         0057A-007FF             100
        IDLOC            08000-08003               4           2
        RAM              00053-0006F              1D           1
                         000A0-000BF              20
        SFR0             00000-0001F              20           1
        SFR1             00080-0009F              20           1
        SFR10            00500-0056F              70           1
        SFR11            00580-005EF              70           1
        SFR12            00600-0066F              70           1
        SFR13            00680-006EF              70           1
        SFR14            00700-0076F              70           1
        SFR15            00780-007EF              70           1
        SFR16            00800-0086F              70           1
        SFR17            00880-008EF              70           1
        SFR18            00900-0096F              70           1
        SFR19            00980-009EF              70           1
        SFR2             00100-0016F              70           1
        SFR20            00A00-00A6F              70           1
        SFR21            00A80-00AEF              70           1
        SFR22            00B00-00B6F              70           1
        SFR23            00B80-00BEF              70           1
        SFR24            00C00-00C6F              70           1
        SFR25            00C80-00CEF              70           1
        SFR26            00D00-00D6F              70           1
        SFR27            00D80-00DEF              70           1
        SFR28            00E00-00E6F              70           1
        SFR29            00E80-00EEF              70           1
        SFR3             00180-001EF              70           1
        SFR30            00F00-00F6F              70           1
        SFR31            00F80-00FEF              70           1
        SFR4             00200-0026F              70           1
        SFR5             00280-002EF              70           1
        SFR6             00300-0036F              70           1
        SFR7             00380-003EF              70           1
        SFR8             00400-0046F              70           1
        SFR9             00480-004EF              70           1
        STACK            02033-0206F              3D           1
        STRCODE          00001-00003               3           2
                         0057A-007FF             286
        STRING           00001-00003               3           2
                         0057A-007FF             100

                                  Symbol Table

?___lwdiv                      cstackCOMMON 00070
?___lwmod                      cstackCOMMON 00078
?___wmul                       cstackCOMMON 00070
?_get_cat_val                  cstackCOMMON 00077
?_seg_disp_47_get_val          cstackCOMMON 00070
_ACKEN                         (abs)        010B4
_ANSELA                        (abs)        0018C
_ANSELB                        (abs)        0018D
_ANSELC                        (abs)        0018E
_INTCONbits                    (abs)        0000B
_INT_FLAGS                     bssBANK0     00037
_LATA                          (abs)        0010C
_LATB                          (abs)        0010D
_LATC                          (abs)        0010E
_OPTION_REGbits                (abs)        00095
_OSCCONbits                    (abs)        00099
_PEN                           (abs)        010B2
_PIR1bits                      (abs)        00011
_PORTBbits                     (abs)        0000D
_PORTCbits                     (abs)        0000E
_RSEN                          (abs)        010B1
_SEN                           (abs)        010B0
_SSPADD                        (abs)        00212
_SSPBUF                        (abs)        00211
_SSPCON1                       (abs)        00215
_SSPCON2bits                   (abs)        00216
_SSPIF                         (abs)        0008B
_SSPSTATbits                   (abs)        00214
_T0IE                          (abs)        0005D
_T0IF                          (abs)        0005A
_TMR0                          (abs)        00015
_TRISA                         (abs)        0008C
_TRISB                         (abs)        0008D
_TRISBbits                     (abs)        0008D
_TRISC                         (abs)        0008E
_TRISCbits                     (abs)        0008E
__CFG_BOREN$ON                 (abs)        00000
__CFG_BORV$LO                  (abs)        00000
__CFG_CLKOUTEN$OFF             (abs)        00000
__CFG_CP$OFF                   (abs)        00000
__CFG_FCMEN$ON                 (abs)        00000
__CFG_FOSC$INTOSC              (abs)        00000
__CFG_IESO$ON                  (abs)        00000
__CFG_LPBOR$OFF                (abs)        00000
__CFG_LVP$OFF                  (abs)        00000
__CFG_MCLRE$ON                 (abs)        00000
__CFG_PWRTE$OFF                (abs)        00000
__CFG_STVREN$ON                (abs)        00000
__CFG_VCAPEN$OFF               (abs)        00000
__CFG_WDTE$OFF                 (abs)        00000
__CFG_WRT$OFF                  (abs)        00000
__Habs1                        abs1         00000
__Hbank0                       bank0        00000
__Hbank1                       bank1        00000
__Hbank10                      bank10       00000
__Hbank11                      bank11       00000
__Hbank12                      bank12       00000
__Hbank13                      bank13       00000
__Hbank14                      bank14       00000
__Hbank15                      bank15       00000
__Hbank16                      bank16       00000
__Hbank17                      bank17       00000
__Hbank18                      bank18       00000
__Hbank19                      bank19       00000
__Hbank2                       bank2        00000
__Hbank20                      bank20       00000
__Hbank21                      bank21       00000
__Hbank22                      bank22       00000
__Hbank23                      bank23       00000
__Hbank24                      bank24       00000
__Hbank25                      bank25       00000
__Hbank26                      bank26       00000
__Hbank27                      bank27       00000
__Hbank28                      bank28       00000
__Hbank29                      bank29       00000
__Hbank3                       bank3        00000
__Hbank30                      bank30       00000
__Hbank31                      bank31       00000
__Hbank4                       bank4        00000
__Hbank5                       bank5        00000
__Hbank6                       bank6        00000
__Hbank7                       bank7        00000
__Hbank8                       bank8        00000
__Hbank9                       bank9        00000
__Hbigram                      bigram       00000
__HbssBANK0                    bssBANK0     00000
__Hcinit                       cinit        00017
__Hclrtext                     clrtext      00000
__Hcode                        code         00000
__Hcommon                      common       00000
__Hconfig                      config       08009
__HcstackBANK0                 cstackBANK0  00000
__HcstackCOMMON                cstackCOMMON 00000
__Heeprom_data                 eeprom_data  00000
__Hend_init                    end_init     0000E
__Hfunctab                     functab      00000
__Hidloc                       idloc        00000
__Hinit                        init         0000D
__Hintentry                    intentry     0000D
__Hmaintext                    maintext     00000
__HnvBANK0                     nvBANK0      00000
__Hpowerup                     powerup      00000
__Hram                         ram          00000
__Hreset_vec                   reset_vec    00001
__Hsfr0                        sfr0         00000
__Hsfr1                        sfr1         00000
__Hsfr10                       sfr10        00000
__Hsfr11                       sfr11        00000
__Hsfr12                       sfr12        00000
__Hsfr13                       sfr13        00000
__Hsfr14                       sfr14        00000
__Hsfr15                       sfr15        00000
__Hsfr16                       sfr16        00000
__Hsfr17                       sfr17        00000
__Hsfr18                       sfr18        00000
__Hsfr19                       sfr19        00000
__Hsfr2                        sfr2         00000
__Hsfr20                       sfr20        00000
__Hsfr21                       sfr21        00000
__Hsfr22                       sfr22        00000
__Hsfr23                       sfr23        00000
__Hsfr24                       sfr24        00000
__Hsfr25                       sfr25        00000
__Hsfr26                       sfr26        00000
__Hsfr27                       sfr27        00000
__Hsfr28                       sfr28        00000
__Hsfr29                       sfr29        00000
__Hsfr3                        sfr3         00000
__Hsfr30                       sfr30        00000
__Hsfr31                       sfr31        00000
__Hsfr4                        sfr4         00000
__Hsfr5                        sfr5         00000
__Hsfr6                        sfr6         00000
__Hsfr7                        sfr7         00000
__Hsfr8                        sfr8         00000
__Hsfr9                        sfr9         00000
__Hspace_0                     (abs)        08009
__Hspace_1                     (abs)        0007E
__Hspace_2                     (abs)        00000
__Hspace_3                     (abs)        00000
__Hstack                       stack        00000
__Hstrings                     strings      00000
__Htext                        text         00000
__Labs1                        abs1         00000
__Lbank0                       bank0        00000
__Lbank1                       bank1        00000
__Lbank10                      bank10       00000
__Lbank11                      bank11       00000
__Lbank12                      bank12       00000
__Lbank13                      bank13       00000
__Lbank14                      bank14       00000
__Lbank15                      bank15       00000
__Lbank16                      bank16       00000
__Lbank17                      bank17       00000
__Lbank18                      bank18       00000
__Lbank19                      bank19       00000
__Lbank2                       bank2        00000
__Lbank20                      bank20       00000
__Lbank21                      bank21       00000
__Lbank22                      bank22       00000
__Lbank23                      bank23       00000
__Lbank24                      bank24       00000
__Lbank25                      bank25       00000
__Lbank26                      bank26       00000
__Lbank27                      bank27       00000
__Lbank28                      bank28       00000
__Lbank29                      bank29       00000
__Lbank3                       bank3        00000
__Lbank30                      bank30       00000
__Lbank31                      bank31       00000
__Lbank4                       bank4        00000
__Lbank5                       bank5        00000
__Lbank6                       bank6        00000
__Lbank7                       bank7        00000
__Lbank8                       bank8        00000
__Lbank9                       bank9        00000
__Lbigram                      bigram       00000
__LbssBANK0                    bssBANK0     00000
__Lcinit                       cinit        0000E
__Lclrtext                     clrtext      00000
__Lcode                        code         00000
__Lcommon                      common       00000
__Lconfig                      config       08007
__LcstackBANK0                 cstackBANK0  00000
__LcstackCOMMON                cstackCOMMON 00000
__Leeprom_data                 eeprom_data  00000
__Lend_init                    end_init     0000D
__Lfunctab                     functab      00000
__Lidloc                       idloc        00000
__Linit                        init         0000D
__Lintentry                    intentry     00004
__Lmaintext                    maintext     00000
__LnvBANK0                     nvBANK0      00000
__Lpowerup                     powerup      00000
__Lram                         ram          00000
__Lreset_vec                   reset_vec    00000
__Lsfr0                        sfr0         00000
__Lsfr1                        sfr1         00000
__Lsfr10                       sfr10        00000
__Lsfr11                       sfr11        00000
__Lsfr12                       sfr12        00000
__Lsfr13                       sfr13        00000
__Lsfr14                       sfr14        00000
__Lsfr15                       sfr15        00000
__Lsfr16                       sfr16        00000
__Lsfr17                       sfr17        00000
__Lsfr18                       sfr18        00000
__Lsfr19                       sfr19        00000
__Lsfr2                        sfr2         00000
__Lsfr20                       sfr20        00000
__Lsfr21                       sfr21        00000
__Lsfr22                       sfr22        00000
__Lsfr23                       sfr23        00000
__Lsfr24                       sfr24        00000
__Lsfr25                       sfr25        00000
__Lsfr26                       sfr26        00000
__Lsfr27                       sfr27        00000
__Lsfr28                       sfr28        00000
__Lsfr29                       sfr29        00000
__Lsfr3                        sfr3         00000
__Lsfr30                       sfr30        00000
__Lsfr31                       sfr31        00000
__Lsfr4                        sfr4         00000
__Lsfr5                        sfr5         00000
__Lsfr6                        sfr6         00000
__Lsfr7                        sfr7         00000
__Lsfr8                        sfr8         00000
__Lsfr9                        sfr9         00000
__Lspace_0                     (abs)        00000
__Lspace_1                     (abs)        00000
__Lspace_2                     (abs)        00000
__Lspace_3                     (abs)        00000
__Lstack                       stack        00000
__Lstrings                     strings      00000
__Ltext                        text         00000
__S0                           (abs)        08009
__S1                           (abs)        0007E
__S2                           (abs)        00000
___int_sp                      stack        00000
___latbits                     (abs)        00000
___lwdiv                       text18       00365
___lwdiv@counter               cstackCOMMON 00077
___lwdiv@dividend              cstackCOMMON 00072
___lwdiv@divisor               cstackCOMMON 00070
___lwdiv@quotient              cstackCOMMON 00075
___lwmod                       text17       00399
___lwmod@counter               cstackCOMMON 0007D
___lwmod@dividend              cstackCOMMON 0007A
___lwmod@divisor               cstackCOMMON 00078
___sp                          stack        00000
___stackhi                     (abs)        0206F
___stacklo                     (abs)        02033
___wmul                        text16       00485
___wmul@multiplicand           cstackCOMMON 00072
___wmul@multiplier             cstackCOMMON 00070
___wmul@product                cstackCOMMON 00074
__end_of___lwdiv               text18       00399
__end_of___lwmod               text17       003C5
__end_of___wmul                text16       004A0
__end_of__initialization       cinit        00014
__end_of_cat_auto_save         text21       00485
__end_of_change_category       text8        004F9
__end_of_create_seg_disp_47    text27       004CF
__end_of_create_switch         text26       0044D
__end_of_decrement             text7        0056A
__end_of_eeprom_read_16        text10       00252
__end_of_eeprom_write_16       text24       00329
__end_of_get_cat_val           text9        002A2
__end_of_get_switch_status     text6        0056F
__end_of_get_switch_toggle     text5        004E4
__end_of_increment             text4        00564
__end_of_init                  text28       00574
__end_of_init_i2c              text35       00535
__end_of_init_interrupt        text33       0057A
__end_of_init_interrupt_timer  text34       00522
__end_of_init_oscillerator     text32       00552
__end_of_init_ports            text29       00577
__end_of_init_structs          text25       003F0
__end_of_interruptHandler      intentry     0000D
__end_of_main                  maintext     002E7
__end_of_on_interrupt_timer_0  text37       00430
__end_of_res_ports             text31       00516
__end_of_rst_storage           text22       00509
__end_of_seg_disp_47_get_val   text15       00411
__end_of_seg_disp_47_off       text20       0052C
__end_of_seg_disp_47_on        text19       00544
__end_of_seg_disp_47_set_val   text12       004B9
__end_of_seg_disp_awake        text3        0055E
__end_of_set_cat_val           text23       00365
__end_of_set_ports             text30       0054B
__end_of_update_int_flags      text13       00469
__end_of_update_seg_disp_47    text11       0053D
__end_of_update_switch         text2        001F3
__end_of_update_switches       text1        000DD
__end_of_vis_next_digit        text14       00190
__initialization               cinit        0000E
__pbssBANK0                    bssBANK0     00020
__pcstackBANK0                 cstackBANK0  00044
__pcstackCOMMON                cstackCOMMON 00070
__pintentry                    intentry     00004
__pmaintext                    maintext     002A2
__pnvBANK0                     nvBANK0      00052
__ptext1                       text1        00017
__ptext10                      text10       001F3
__ptext11                      text11       00535
__ptext12                      text12       004A0
__ptext13                      text13       0044D
__ptext14                      text14       000DD
__ptext15                      text15       003F0
__ptext16                      text16       00485
__ptext17                      text17       00399
__ptext18                      text18       00365
__ptext19                      text19       0053D
__ptext2                       text2        00190
__ptext20                      text20       00522
__ptext21                      text21       00469
__ptext22                      text22       004F9
__ptext23                      text23       00329
__ptext24                      text24       002E7
__ptext25                      text25       003C5
__ptext26                      text26       00430
__ptext27                      text27       004B9
__ptext28                      text28       0056F
__ptext29                      text29       00574
__ptext3                       text3        00558
__ptext30                      text30       00544
__ptext31                      text31       00509
__ptext32                      text32       0054B
__ptext33                      text33       00577
__ptext34                      text34       00516
__ptext35                      text35       0052C
__ptext37                      text37       00411
__ptext4                       text4        0055E
__ptext5                       text5        004CF
__ptext6                       text6        0056A
__ptext7                       text7        00564
__ptext8                       text8        004E4
__ptext9                       text9        00252
__size_of___lwdiv              (abs)        00000
__size_of___lwmod              (abs)        00000
__size_of___wmul               (abs)        00000
__size_of_cat_auto_save        (abs)        00000
__size_of_change_category      (abs)        00000
__size_of_create_seg_disp_47   (abs)        00000
__size_of_create_switch        (abs)        00000
__size_of_decrement            (abs)        00000
__size_of_eeprom_read_16       (abs)        00000
__size_of_eeprom_write_16      (abs)        00000
__size_of_get_cat_val          (abs)        00000
__size_of_get_switch_status    (abs)        00000
__size_of_get_switch_toggle    (abs)        00000
__size_of_increment            (abs)        00000
__size_of_init                 (abs)        00000
__size_of_init_i2c             (abs)        00000
__size_of_init_interrupt       (abs)        00000
__size_of_init_interrupt_timer (abs)        00000
__size_of_init_oscillerator    (abs)        00000
__size_of_init_ports           (abs)        00000
__size_of_init_structs         (abs)        00000
__size_of_interruptHandler     (abs)        00000
__size_of_main                 (abs)        00000
__size_of_on_interrupt_timer_0 (abs)        00000
__size_of_res_ports            (abs)        00000
__size_of_rst_storage          (abs)        00000
__size_of_seg_disp_47_get_val  (abs)        00000
__size_of_seg_disp_47_off      (abs)        00000
__size_of_seg_disp_47_on       (abs)        00000
__size_of_seg_disp_47_set_val  (abs)        00000
__size_of_seg_disp_awake       (abs)        00000
__size_of_set_cat_val          (abs)        00000
__size_of_set_ports            (abs)        00000
__size_of_update_int_flags     (abs)        00000
__size_of_update_seg_disp_47   (abs)        00000
__size_of_update_switch        (abs)        00000
__size_of_update_switches      (abs)        00000
__size_of_vis_next_digit       (abs)        00000
_cat_auto_save                 text21       00469
_change_category               text8        004E4
_create_seg_disp_47            text27       004B9
_create_switch                 text26       00430
_cur_cat                       bssBANK0     00036
_cur_val                       bssBANK0     00032
_decrement                     text7        00564
_ee_seq_4                      bssBANK0     0003D
_eeprom_read_16                text10       001F3
_eeprom_write_16               text24       002E7
_extended_rst_streak           bssBANK0     00030
_get_cat_val                   text9        00252
_get_switch_status             text6        0056A
_get_switch_toggle             text5        004CF
_increment                     text4        0055E
_init                          text28       0056F
_init_i2c                      text35       0052C
_init_interrupt                text33       00577
_init_interrupt_timer          text34       00516
_init_oscillerator             text32       0054B
_init_ports                    text29       00574
_init_structs                  text25       003C5
_interruptHandler              intentry     00004
_last_save_cat                 bssBANK0     00034
_last_save_val                 bssBANK0     0002E
_main                          maintext     002A2
_old_btns                      bssBANK0     00020
_on_interrupt_timer_0          text37       00411
_p_btns                        bssBANK0     00025
_p_disp                        nvBANK0      00052
_res_ports                     text31       00509
_rst_storage                   text22       004F9
_seg_disp_47_get_val           text15       003F0
_seg_disp_47_off               text20       00522
_seg_disp_47_on                text19       0053D
_seg_disp_47_set_val           text12       004A0
_seg_disp_awake                text3        00558
_seg_disp_save                 bssBANK0     0002A
_seg_disp_sleep                bssBANK0     0002C
_set_cat_val                   text23       00329
_set_ports                     text30       00544
_update_int_flags              text13       0044D
_update_seg_disp_47            text11       00535
_update_switch                 text2        00190
_update_switches               text1        00017
_v_btns                        bssBANK0     00038
_v_disp                        bssBANK0     00041
_vis_next_digit                text14       000DD
btemp                          (abs)        0007E
change_category@category       cstackCOMMON 0007D
clear_ram0                     clrtext      00552
create_seg_disp_47@s_t         cstackCOMMON 00070
create_switch@s_t              cstackCOMMON 00071
eeprom_read_16@add             cstackCOMMON 00070
eeprom_read_16@addHigh         cstackCOMMON 00073
eeprom_read_16@addLow          cstackCOMMON 00074
eeprom_read_16@slaveAdd        cstackCOMMON 00076
eeprom_read_16@tempData        cstackCOMMON 00075
eeprom_write_16@add            cstackCOMMON 00070
eeprom_write_16@addHigh        cstackCOMMON 00075
eeprom_write_16@addLow         cstackCOMMON 00076
eeprom_write_16@eeData         cstackCOMMON 00072
eeprom_write_16@slaveAdd       cstackCOMMON 00074
end_of_initialization          cinit        00014
get_cat_val@add_start          cstackBANK0  00044
get_cat_val@category           cstackBANK0  00046
get_cat_val@d                  cstackBANK0  00049
get_cat_val@i                  cstackBANK0  0004A
get_cat_val@val                cstackBANK0  00047
get_switch_status@s_t          cstackCOMMON 00070
get_switch_toggle@new_s_t      cstackCOMMON 00070
get_switch_toggle@old_s_t      cstackCOMMON 00072
get_switch_toggle@val          cstackCOMMON 00073
int$flags                      (abs)        0007E
intlevel0                      functab      00000
intlevel1                      functab      00000
intlevel2                      functab      00000
intlevel3                      functab      00000
intlevel4                      functab      00000
intlevel5                      functab      00000
main@f                         cstackBANK0  00051
main@k                         cstackBANK0  00050
reset_vec                      reset_vec    00000
rst_storage@i                  cstackCOMMON 0007C
seg_disp_47_get_val@s_t        cstackCOMMON 00077
seg_disp_47_get_val@val        cstackCOMMON 00075
seg_disp_47_off@s_t            cstackCOMMON 00070
seg_disp_47_on@s_t             cstackCOMMON 00070
seg_disp_47_set_val@s_t        cstackCOMMON 00074
seg_disp_47_set_val@value      cstackCOMMON 00070
set_cat_val@add_start          cstackBANK0  00044
set_cat_val@category           cstackBANK0  00046
set_cat_val@i                  cstackBANK0  00047
set_cat_val@val                cstackCOMMON 00077
start                          init         0000D
start_initialization           cinit        0000E
update_seg_disp_47@cur_val     cstackCOMMON 00075
update_seg_disp_47@s_t         cstackCOMMON 00077
update_switch@s_t              cstackCOMMON 00079
update_switch@sbtn             cstackCOMMON 00070
update_switch@streak           cstackCOMMON 00071
update_switches@i              cstackBANK0  0004E
update_switches@value          cstackBANK0  0004C
vis_next_digit@digit_divider   cstackBANK0  0004C
vis_next_digit@digit_val       cstackBANK0  00049
vis_next_digit@p               cstackBANK0  0004B
vis_next_digit@sLATB           cstackBANK0  0004A
vis_next_digit@s_t             cstackBANK0  0004E
vis_next_digit@val             cstackBANK0  00047
wtemp0                         (abs)        0007E


FUNCTION INFORMATION:

 *************** function _main *****************
 Defined at:
		line 50 in file "counter_1512.c"
 Parameters:    Size  Location     Type
		None
 Auto vars:     Size  Location     Type
  f               1   13[BANK0 ] unsigned char 
  k               1   12[BANK0 ] unsigned char 
 Return value:  Size  Location     Type
                  1    wreg      void 
 Registers used:
		wreg, fsr0l, fsr0h, fsr1l, fsr1h, status,2, status,0, pclath, cstack
 Tracked objects:
		On entry : 
		On exit  : 
		Unchanged: 
 Data sizes:     COMMON   BANK0   BANK1
      Params:         0       0       0
      Locals:         0       2       0
      Temps:          0       1       0
      Totals:         0       3       0
Total ram usage:        3 bytes
 Hardware stack levels required when called:    6
 This function calls:
		_change_category
		_eeprom_read_16
		_eeprom_write_16
		_get_cat_val
		_init
		_init_structs
		_rst_storage
		_update_int_flags
		_update_seg_disp_47
		_update_switches
 This function is called by:
		Startup code after reset
 This function uses a non-reentrant model


 *************** function _update_switches *****************
 Defined at:
		line 76 in file "counter_1512.c"
 Parameters:    Size  Location     Type
		None
 Auto vars:     Size  Location     Type
  i               1   10[BANK0 ] unsigned char 
  value           2    8[BANK0 ] unsigned short 
 Return value:  Size  Location     Type
                  1    wreg      void 
 Registers used:
		wreg, fsr1l, fsr1h, status,2, status,0, pclath, cstack
 Tracked objects:
		On entry : 
		On exit  : 
		Unchanged: 
 Data sizes:     COMMON   BANK0   BANK1
      Params:         0       0       0
      Locals:         0       3       0
      Temps:          0       1       0
      Totals:         0       4       0
Total ram usage:        4 bytes
 Hardware stack levels used:    1
 Hardware stack levels required when called:    5
 This function calls:
		_change_category
		_decrement
		_get_switch_status
		_get_switch_toggle
		_increment
		_seg_disp_awake
		_set_cat_val
		_update_switch
 This function is called by:
		_main
 This function uses a non-reentrant model


 *************** function _update_switch *****************
 Defined at:
		line 20 in file "switches.c"
 Parameters:    Size  Location     Type
  s_t             1    wreg     PTR struct .
		 -> v_btns(5), 
  sbtn            1    0[COMMON] unsigned char 
  streak          4    1[COMMON] unsigned long 
 Auto vars:     Size  Location     Type
  s_t             1    9[COMMON] PTR struct .
		 -> v_btns(5), 
 Return value:  Size  Location     Type
                  1    wreg      void 
 Registers used:
		wreg, fsr1l, fsr1h, status,2, status,0
 Tracked objects:
		On entry : 
		On exit  : 
		Unchanged: 
 Data sizes:     COMMON   BANK0   BANK1
      Params:         5       0       0
      Locals:         1       0       0
      Temps:          4       0       0
      Totals:        10       0       0
Total ram usage:       10 bytes
 Hardware stack levels used:    1
 Hardware stack levels required when called:    2
 This function calls:
		Nothing
 This function is called by:
		_update_switches
 This function uses a non-reentrant model


 *************** function _seg_disp_awake *****************
 Defined at:
		line 43 in file "interrupts.c"
 Parameters:    Size  Location     Type
		None
 Auto vars:     Size  Location     Type
		None
 Return value:  Size  Location     Type
                  1    wreg      void 
 Registers used:
		status,2
 Tracked objects:
		On entry : 
		On exit  : 
		Unchanged: 
 Data sizes:     COMMON   BANK0   BANK1
      Params:         0       0       0
      Locals:         0       0       0
      Temps:          0       0       0
      Totals:         0       0       0
Total ram usage:        0 bytes
 Hardware stack levels used:    1
 Hardware stack levels required when called:    2
 This function calls:
		Nothing
 This function is called by:
		_update_switches
 This function uses a non-reentrant model


 *************** function _increment *****************
 Defined at:
		line 182 in file "counter_1512.c"
 Parameters:    Size  Location     Type
		None
 Auto vars:     Size  Location     Type
		None
 Return value:  Size  Location     Type
                  1    wreg      void 
 Registers used:
		wreg
 Tracked objects:
		On entry : 
		On exit  : 
		Unchanged: 
 Data sizes:     COMMON   BANK0   BANK1
      Params:         0       0       0
      Locals:         0       0       0
      Temps:          0       0       0
      Totals:         0       0       0
Total ram usage:        0 bytes
 Hardware stack levels used:    1
 Hardware stack levels required when called:    2
 This function calls:
		Nothing
 This function is called by:
		_update_switches
 This function uses a non-reentrant model


 *************** function _get_switch_toggle *****************
 Defined at:
		line 51 in file "switches.c"
 Parameters:    Size  Location     Type
  old_s_t         1    wreg     struct .
  new_s_t         1    0[COMMON] struct .
 Auto vars:     Size  Location     Type
  old_s_t         1    2[COMMON] struct .
  val             1    3[COMMON] unsigned char 
 Return value:  Size  Location     Type
                  1    wreg      unsigned char 
 Registers used:
		wreg, status,2
 Tracked objects:
		On entry : 
		On exit  : 
		Unchanged: 
 Data sizes:     COMMON   BANK0   BANK1
      Params:         1       0       0
      Locals:         2       0       0
      Temps:          1       0       0
      Totals:         4       0       0
Total ram usage:        4 bytes
 Hardware stack levels used:    1
 Hardware stack levels required when called:    2
 This function calls:
		Nothing
 This function is called by:
		_update_switches
 This function uses a non-reentrant model


 *************** function _get_switch_status *****************
 Defined at:
		line 48 in file "switches.c"
 Parameters:    Size  Location     Type
  s_t             1    wreg     struct .
 Auto vars:     Size  Location     Type
  s_t             1    0[COMMON] struct .
 Return value:  Size  Location     Type
                  1    wreg      unsigned char 
 Registers used:
		wreg, status,2, status,0
 Tracked objects:
		On entry : 
		On exit  : 
		Unchanged: 
 Data sizes:     COMMON   BANK0   BANK1
      Params:         0       0       0
      Locals:         1       0       0
      Temps:          0       0       0
      Totals:         1       0       0
Total ram usage:        1 bytes
 Hardware stack levels used:    1
 Hardware stack levels required when called:    2
 This function calls:
		Nothing
 This function is called by:
		_update_switches
 This function uses a non-reentrant model


 *************** function _decrement *****************
 Defined at:
		line 185 in file "counter_1512.c"
 Parameters:    Size  Location     Type
		None
 Auto vars:     Size  Location     Type
		None
 Return value:  Size  Location     Type
                  1    wreg      void 
 Registers used:
		wreg
 Tracked objects:
		On entry : 
		On exit  : 
		Unchanged: 
 Data sizes:     COMMON   BANK0   BANK1
      Params:         0       0       0
      Locals:         0       0       0
      Temps:          0       0       0
      Totals:         0       0       0
Total ram usage:        0 bytes
 Hardware stack levels used:    1
 Hardware stack levels required when called:    2
 This function calls:
		Nothing
 This function is called by:
		_update_switches
 This function uses a non-reentrant model


 *************** function _change_category *****************
 Defined at:
		line 189 in file "counter_1512.c"
 Parameters:    Size  Location     Type
  category        1    wreg     unsigned char 
 Auto vars:     Size  Location     Type
  category        1   13[COMMON] unsigned char 
 Return value:  Size  Location     Type
                  1    wreg      void 
 Registers used:
		wreg, status,2, status,0, pclath, cstack
 Tracked objects:
		On entry : 
		On exit  : 
		Unchanged: 
 Data sizes:     COMMON   BANK0   BANK1
      Params:         0       0       0
      Locals:         1       0       0
      Temps:          1       0       0
      Totals:         2       0       0
Total ram usage:        2 bytes
 Hardware stack levels used:    1
 Hardware stack levels required when called:    4
 This function calls:
		_get_cat_val
		_set_cat_val
 This function is called by:
		_main
		_update_switches
 This function uses a non-reentrant model


 *************** function _get_cat_val *****************
 Defined at:
		line 146 in file "counter_1512.c"
 Parameters:    Size  Location     Type
  category        1    wreg     unsigned char 
 Auto vars:     Size  Location     Type
  category        1    2[BANK0 ] unsigned char 
  d               1    5[BANK0 ] unsigned char 
  i               1    6[BANK0 ] unsigned char 
  val             2    3[BANK0 ] unsigned short 
  add_start       2    0[BANK0 ] unsigned short 
 Return value:  Size  Location     Type
                  2    7[COMMON] unsigned short 
 Registers used:
		wreg, status,2, status,0, pclath, cstack
 Tracked objects:
		On entry : 
		On exit  : 
		Unchanged: 
 Data sizes:     COMMON   BANK0   BANK1
      Params:         2       0       0
      Locals:         0       7       0
      Temps:          3       0       0
      Totals:         5       7       0
Total ram usage:       12 bytes
 Hardware stack levels used:    1
 Hardware stack levels required when called:    3
 This function calls:
		_eeprom_read_16
 This function is called by:
		_main
		_change_category
 This function uses a non-reentrant model


 *************** function _eeprom_read_16 *****************
 Defined at:
		line 156 in file "i2c_eeprom.c"
 Parameters:    Size  Location     Type
  slaveAdd        1    wreg     unsigned char 
  add             2    0[COMMON] unsigned short 
 Auto vars:     Size  Location     Type
  slaveAdd        1    6[COMMON] unsigned char 
  tempData        1    5[COMMON] unsigned char 
  addLow          1    4[COMMON] unsigned char 
  addHigh         1    3[COMMON] unsigned char 
 Return value:  Size  Location     Type
                  1    wreg      unsigned char 
 Registers used:
		wreg, status,2, status,0
 Tracked objects:
		On entry : 
		On exit  : 
		Unchanged: 
 Data sizes:     COMMON   BANK0   BANK1
      Params:         2       0       0
      Locals:         4       0       0
      Temps:          1       0       0
      Totals:         7       0       0
Total ram usage:        7 bytes
 Hardware stack levels used:    1
 Hardware stack levels required when called:    2
 This function calls:
		Nothing
 This function is called by:
		_main
		_get_cat_val
 This function uses a non-reentrant model


 *************** function _update_seg_disp_47 *****************
 Defined at:
		line 141 in file "segmentdisplay47.c"
 Parameters:    Size  Location     Type
  s_t             1    wreg     PTR struct .
		 -> NULL(0), v_disp(3), 
  cur_val         2    5[COMMON] unsigned short 
 Auto vars:     Size  Location     Type
  s_t             1    7[COMMON] PTR struct .
		 -> NULL(0), v_disp(3), 
 Return value:  Size  Location     Type
                  1    wreg      void 
 Registers used:
		wreg, fsr1l, fsr1h, status,2, status,0, pclath, cstack
 Tracked objects:
		On entry : 
		On exit  : 
		Unchanged: 
 Data sizes:     COMMON   BANK0   BANK1
      Params:         2       0       0
      Locals:         1       0       0
      Temps:          0       0       0
      Totals:         3       0       0
Total ram usage:        3 bytes
 Hardware stack levels used:    1
 Hardware stack levels required when called:    3
 This function calls:
		_seg_disp_47_set_val
 This function is called by:
		_main
 This function uses a non-reentrant model


 *************** function _seg_disp_47_set_val *****************
 Defined at:
		line 152 in file "segmentdisplay47.c"
 Parameters:    Size  Location     Type
  s_t             1    wreg     PTR struct .
		 -> NULL(0), v_disp(3), 
  value           2    0[COMMON] unsigned short 
 Auto vars:     Size  Location     Type
  s_t             1    4[COMMON] PTR struct .
		 -> NULL(0), v_disp(3), 
 Return value:  Size  Location     Type
                  1    wreg      void 
 Registers used:
		wreg, fsr1l, fsr1h, status,2, status,0
 Tracked objects:
		On entry : 
		On exit  : 
		Unchanged: 
 Data sizes:     COMMON   BANK0   BANK1
      Params:         2       0       0
      Locals:         1       0       0
      Temps:          2       0       0
      Totals:         5       0       0
Total ram usage:        5 bytes
 Hardware stack levels used:    1
 Hardware stack levels required when called:    2
 This function calls:
		Nothing
 This function is called by:
		_update_seg_disp_47
 This function uses a non-reentrant model


 *************** function _update_int_flags *****************
 Defined at:
		line 119 in file "counter_1512.c"
 Parameters:    Size  Location     Type
		None
 Auto vars:     Size  Location     Type
		None
 Return value:  Size  Location     Type
                  1    wreg      void 
 Registers used:
		wreg, fsr0l, fsr0h, fsr1l, fsr1h, status,2, status,0, pclath, cstack
 Tracked objects:
		On entry : 
		On exit  : 
		Unchanged: 
 Data sizes:     COMMON   BANK0   BANK1
      Params:         0       0       0
      Locals:         0       0       0
      Temps:          0       0       0
      Totals:         0       0       0
Total ram usage:        0 bytes
 Hardware stack levels used:    1
 Hardware stack levels required when called:    5
 This function calls:
		_cat_auto_save
		_seg_disp_47_off
		_seg_disp_47_on
		_vis_next_digit
 This function is called by:
		_main
 This function uses a non-reentrant model


 *************** function _vis_next_digit *****************
 Defined at:
		line 73 in file "segmentdisplay47.c"
 Parameters:    Size  Location     Type
  s_t             1    wreg     PTR struct .
		 -> NULL(0), v_disp(3), 
 Auto vars:     Size  Location     Type
  s_t             1   10[BANK0 ] PTR struct .
		 -> NULL(0), v_disp(3), 
  p               1    7[BANK0 ] unsigned char 
  digit_divide    2    8[BANK0 ] unsigned short 
  val             2    3[BANK0 ] unsigned short 
  sLATB           1    6[BANK0 ] unsigned char 
  digit_val       1    5[BANK0 ] unsigned char 
 Return value:  Size  Location     Type
                  1    wreg      void 
 Registers used:
		wreg, fsr0l, fsr0h, fsr1l, fsr1h, status,2, status,0, pclath, cstack
 Tracked objects:
		On entry : 
		On exit  : 
		Unchanged: 
 Data sizes:     COMMON   BANK0   BANK1
      Params:         0       0       0
      Locals:         0       8       0
      Temps:          0       3       0
      Totals:         0      11       0
Total ram usage:       11 bytes
 Hardware stack levels used:    1
 Hardware stack levels required when called:    3
 This function calls:
		___lwdiv
		___lwmod
		___wmul
		_seg_disp_47_get_val
 This function is called by:
		_update_int_flags
 This function uses a non-reentrant model


 *************** function _seg_disp_47_get_val *****************
 Defined at:
		line 146 in file "segmentdisplay47.c"
 Parameters:    Size  Location     Type
  s_t             1    wreg     PTR struct .
		 -> NULL(0), v_disp(3), 
 Auto vars:     Size  Location     Type
  s_t             1    7[COMMON] PTR struct .
		 -> NULL(0), v_disp(3), 
  val             2    5[COMMON] unsigned short 
 Return value:  Size  Location     Type
                  2    0[COMMON] unsigned short 
 Registers used:
		wreg, fsr1l, fsr1h, status,2, status,0
 Tracked objects:
		On entry : 
		On exit  : 
		Unchanged: 
 Data sizes:     COMMON   BANK0   BANK1
      Params:         2       0       0
      Locals:         3       0       0
      Temps:          3       0       0
      Totals:         8       0       0
Total ram usage:        8 bytes
 Hardware stack levels used:    1
 Hardware stack levels required when called:    2
 This function calls:
		Nothing
 This function is called by:
		_vis_next_digit
 This function uses a non-reentrant model


 *************** function ___wmul *****************
 Defined at:
		line 15 in file "D:\Programs\Compilers\8 bit\pic\sources\c99\common\Umul16.c"
 Parameters:    Size  Location     Type
  multiplier      2    0[COMMON] unsigned int 
  multiplicand    2    2[COMMON] unsigned int 
 Auto vars:     Size  Location     Type
  product         2    4[COMMON] unsigned int 
 Return value:  Size  Location     Type
                  2    0[COMMON] unsigned int 
 Registers used:
		wreg, status,2, status,0
 Tracked objects:
		On entry : 
		On exit  : 
		Unchanged: 
 Data sizes:     COMMON   BANK0   BANK1
      Params:         4       0       0
      Locals:         2       0       0
      Temps:          0       0       0
      Totals:         6       0       0
Total ram usage:        6 bytes
 Hardware stack levels used:    1
 Hardware stack levels required when called:    2
 This function calls:
		Nothing
 This function is called by:
		_vis_next_digit
 This function uses a non-reentrant model


 *************** function ___lwmod *****************
 Defined at:
		line 5 in file "D:\Programs\Compilers\8 bit\pic\sources\c99\common\lwmod.c"
 Parameters:    Size  Location     Type
  divisor         2    8[COMMON] unsigned int 
  dividend        2   10[COMMON] unsigned int 
 Auto vars:     Size  Location     Type
  counter         1   13[COMMON] unsigned char 
 Return value:  Size  Location     Type
                  2    8[COMMON] unsigned int 
 Registers used:
		wreg, status,2, status,0
 Tracked objects:
		On entry : 
		On exit  : 
		Unchanged: 
 Data sizes:     COMMON   BANK0   BANK1
      Params:         4       0       0
      Locals:         1       0       0
      Temps:          1       0       0
      Totals:         6       0       0
Total ram usage:        6 bytes
 Hardware stack levels used:    1
 Hardware stack levels required when called:    2
 This function calls:
		Nothing
 This function is called by:
		_vis_next_digit
 This function uses a non-reentrant model


 *************** function ___lwdiv *****************
 Defined at:
		line 5 in file "D:\Programs\Compilers\8 bit\pic\sources\c99\common\lwdiv.c"
 Parameters:    Size  Location     Type
  divisor         2    0[COMMON] unsigned int 
  dividend        2    2[COMMON] unsigned int 
 Auto vars:     Size  Location     Type
  quotient        2    5[COMMON] unsigned int 
  counter         1    7[COMMON] unsigned char 
 Return value:  Size  Location     Type
                  2    0[COMMON] unsigned int 
 Registers used:
		wreg, status,2, status,0
 Tracked objects:
		On entry : 
		On exit  : 
		Unchanged: 
 Data sizes:     COMMON   BANK0   BANK1
      Params:         4       0       0
      Locals:         3       0       0
      Temps:          1       0       0
      Totals:         8       0       0
Total ram usage:        8 bytes
 Hardware stack levels used:    1
 Hardware stack levels required when called:    2
 This function calls:
		Nothing
 This function is called by:
		_vis_next_digit
 This function uses a non-reentrant model


 *************** function _seg_disp_47_on *****************
 Defined at:
		line 159 in file "segmentdisplay47.c"
 Parameters:    Size  Location     Type
  s_t             1    wreg     PTR struct .
		 -> NULL(0), v_disp(3), 
 Auto vars:     Size  Location     Type
  s_t             1    0[COMMON] PTR struct .
		 -> NULL(0), v_disp(3), 
 Return value:  Size  Location     Type
                  1    wreg      void 
 Registers used:
		wreg, fsr1l, fsr1h, status,2, status,0
 Tracked objects:
		On entry : 
		On exit  : 
		Unchanged: 
 Data sizes:     COMMON   BANK0   BANK1
      Params:         0       0       0
      Locals:         1       0       0
      Temps:          0       0       0
      Totals:         1       0       0
Total ram usage:        1 bytes
 Hardware stack levels used:    1
 Hardware stack levels required when called:    2
 This function calls:
		Nothing
 This function is called by:
		_update_int_flags
 This function uses a non-reentrant model


 *************** function _seg_disp_47_off *****************
 Defined at:
		line 160 in file "segmentdisplay47.c"
 Parameters:    Size  Location     Type
  s_t             1    wreg     PTR struct .
		 -> NULL(0), v_disp(3), 
 Auto vars:     Size  Location     Type
  s_t             1    0[COMMON] PTR struct .
		 -> NULL(0), v_disp(3), 
 Return value:  Size  Location     Type
                  1    wreg      void 
 Registers used:
		wreg, fsr1l, fsr1h, status,2, status,0
 Tracked objects:
		On entry : 
		On exit  : 
		Unchanged: 
 Data sizes:     COMMON   BANK0   BANK1
      Params:         0       0       0
      Locals:         1       0       0
      Temps:          0       0       0
      Totals:         1       0       0
Total ram usage:        1 bytes
 Hardware stack levels used:    1
 Hardware stack levels required when called:    2
 This function calls:
		Nothing
 This function is called by:
		_update_int_flags
 This function uses a non-reentrant model


 *************** function _cat_auto_save *****************
 Defined at:
		line 176 in file "counter_1512.c"
 Parameters:    Size  Location     Type
		None
 Auto vars:     Size  Location     Type
		None
 Return value:  Size  Location     Type
                  1    wreg      void 
 Registers used:
		wreg, status,2, status,0, pclath, cstack
 Tracked objects:
		On entry : 
		On exit  : 
		Unchanged: 
 Data sizes:     COMMON   BANK0   BANK1
      Params:         0       0       0
      Locals:         0       0       0
      Temps:          1       0       0
      Totals:         1       0       0
Total ram usage:        1 bytes
 Hardware stack levels used:    1
 Hardware stack levels required when called:    4
 This function calls:
		_set_cat_val
 This function is called by:
		_update_int_flags
 This function uses a non-reentrant model


 *************** function _rst_storage *****************
 Defined at:
		line 196 in file "counter_1512.c"
 Parameters:    Size  Location     Type
		None
 Auto vars:     Size  Location     Type
  i               1   12[COMMON] unsigned char 
 Return value:  Size  Location     Type
                  1    wreg      void 
 Registers used:
		wreg, status,2, status,0, pclath, cstack
 Tracked objects:
		On entry : 
		On exit  : 
		Unchanged: 
 Data sizes:     COMMON   BANK0   BANK1
      Params:         0       0       0
      Locals:         1       0       0
      Temps:          1       0       0
      Totals:         2       0       0
Total ram usage:        2 bytes
 Hardware stack levels used:    1
 Hardware stack levels required when called:    4
 This function calls:
		_set_cat_val
 This function is called by:
		_main
 This function uses a non-reentrant model


 *************** function _set_cat_val *****************
 Defined at:
		line 162 in file "counter_1512.c"
 Parameters:    Size  Location     Type
  category        1    wreg     unsigned char 
  val             2    7[COMMON] unsigned short 
 Auto vars:     Size  Location     Type
  category        1    2[BANK0 ] unsigned char 
  i               1    3[BANK0 ] unsigned char 
  add_start       2    0[BANK0 ] unsigned short 
 Return value:  Size  Location     Type
                  1    wreg      void 
 Registers used:
		wreg, status,2, status,0, pclath, cstack
 Tracked objects:
		On entry : 
		On exit  : 
		Unchanged: 
 Data sizes:     COMMON   BANK0   BANK1
      Params:         2       0       0
      Locals:         0       4       0
      Temps:          2       0       0
      Totals:         4       4       0
Total ram usage:        8 bytes
 Hardware stack levels used:    1
 Hardware stack levels required when called:    3
 This function calls:
		_eeprom_write_16
 This function is called by:
		_update_switches
		_cat_auto_save
		_change_category
		_rst_storage
		_init_storage
 This function uses a non-reentrant model


 *************** function _eeprom_write_16 *****************
 Defined at:
		line 115 in file "i2c_eeprom.c"
 Parameters:    Size  Location     Type
  slaveAdd        1    wreg     unsigned char 
  add             2    0[COMMON] unsigned short 
  eeData          1    2[COMMON] unsigned char 
 Auto vars:     Size  Location     Type
  slaveAdd        1    4[COMMON] unsigned char 
  addLow          1    6[COMMON] unsigned char 
  addHigh         1    5[COMMON] unsigned char 
 Return value:  Size  Location     Type
                  1    wreg      void 
 Registers used:
		wreg, status,2
 Tracked objects:
		On entry : 
		On exit  : 
		Unchanged: 
 Data sizes:     COMMON   BANK0   BANK1
      Params:         3       0       0
      Locals:         3       0       0
      Temps:          1       0       0
      Totals:         7       0       0
Total ram usage:        7 bytes
 Hardware stack levels used:    1
 Hardware stack levels required when called:    2
 This function calls:
		Nothing
 This function is called by:
		_main
		_set_cat_val
 This function uses a non-reentrant model


 *************** function _init_structs *****************
 Defined at:
		line 203 in file "counter_1512.c"
 Parameters:    Size  Location     Type
		None
 Auto vars:     Size  Location     Type
		None
 Return value:  Size  Location     Type
                  1    wreg      void 
 Registers used:
		wreg, fsr1l, fsr1h, status,2, status,0, pclath, cstack
 Tracked objects:
		On entry : 
		On exit  : 
		Unchanged: 
 Data sizes:     COMMON   BANK0   BANK1
      Params:         0       0       0
      Locals:         0       0       0
      Temps:          1       0       0
      Totals:         1       0       0
Total ram usage:        1 bytes
 Hardware stack levels used:    1
 Hardware stack levels required when called:    3
 This function calls:
		_create_seg_disp_47
		_create_switch
 This function is called by:
		_main
 This function uses a non-reentrant model


 *************** function _create_switch *****************
 Defined at:
		line 9 in file "switches.c"
 Parameters:    Size  Location     Type
  s_t             1    wreg     PTR struct .
		 -> v_btns(5), 
 Auto vars:     Size  Location     Type
  s_t             1    1[COMMON] PTR struct .
		 -> v_btns(5), 
 Return value:  Size  Location     Type
                  1    wreg      void 
 Registers used:
		wreg, fsr1l, fsr1h, status,2, status,0
 Tracked objects:
		On entry : 
		On exit  : 
		Unchanged: 
 Data sizes:     COMMON   BANK0   BANK1
      Params:         0       0       0
      Locals:         1       0       0
      Temps:          1       0       0
      Totals:         2       0       0
Total ram usage:        2 bytes
 Hardware stack levels used:    1
 Hardware stack levels required when called:    2
 This function calls:
		Nothing
 This function is called by:
		_init_structs
 This function uses a non-reentrant model


 *************** function _create_seg_disp_47 *****************
 Defined at:
		line 135 in file "segmentdisplay47.c"
 Parameters:    Size  Location     Type
  s_t             1    wreg     PTR struct .
		 -> NULL(0), v_disp(3), 
 Auto vars:     Size  Location     Type
  s_t             1    0[COMMON] PTR struct .
		 -> NULL(0), v_disp(3), 
 Return value:  Size  Location     Type
                  1    wreg      void 
 Registers used:
		wreg, fsr1l, fsr1h, status,2, status,0
 Tracked objects:
		On entry : 
		On exit  : 
		Unchanged: 
 Data sizes:     COMMON   BANK0   BANK1
      Params:         0       0       0
      Locals:         1       0       0
      Temps:          0       0       0
      Totals:         1       0       0
Total ram usage:        1 bytes
 Hardware stack levels used:    1
 Hardware stack levels required when called:    2
 This function calls:
		Nothing
 This function is called by:
		_init_structs
 This function uses a non-reentrant model


 *************** function _init *****************
 Defined at:
		line 5 in file "init.c"
 Parameters:    Size  Location     Type
		None
 Auto vars:     Size  Location     Type
		None
 Return value:  Size  Location     Type
                  1    wreg      void 
 Registers used:
		wreg, status,2, status,0, pclath, cstack
 Tracked objects:
		On entry : 
		On exit  : 
		Unchanged: 
 Data sizes:     COMMON   BANK0   BANK1
      Params:         0       0       0
      Locals:         0       0       0
      Temps:          0       0       0
      Totals:         0       0       0
Total ram usage:        0 bytes
 Hardware stack levels used:    1
 Hardware stack levels required when called:    4
 This function calls:
		_init_i2c
		_init_interrupt
		_init_oscillerator
		_init_ports
 This function is called by:
		_main
 This function uses a non-reentrant model


 *************** function _init_ports *****************
 Defined at:
		line 16 in file "init.c"
 Parameters:    Size  Location     Type
		None
 Auto vars:     Size  Location     Type
		None
 Return value:  Size  Location     Type
                  1    wreg      void 
 Registers used:
		status,2, status,0, pclath, cstack
 Tracked objects:
		On entry : 
		On exit  : 
		Unchanged: 
 Data sizes:     COMMON   BANK0   BANK1
      Params:         0       0       0
      Locals:         0       0       0
      Temps:          0       0       0
      Totals:         0       0       0
Total ram usage:        0 bytes
 Hardware stack levels used:    1
 Hardware stack levels required when called:    3
 This function calls:
		_res_ports
		_set_ports
 This function is called by:
		_init
 This function uses a non-reentrant model


 *************** function _set_ports *****************
 Defined at:
		line 40 in file "init.c"
 Parameters:    Size  Location     Type
		None
 Auto vars:     Size  Location     Type
		None
 Return value:  Size  Location     Type
                  1    wreg      void 
 Registers used:
		None
 Tracked objects:
		On entry : 
		On exit  : 
		Unchanged: 
 Data sizes:     COMMON   BANK0   BANK1
      Params:         0       0       0
      Locals:         0       0       0
      Temps:          0       0       0
      Totals:         0       0       0
Total ram usage:        0 bytes
 Hardware stack levels used:    1
 Hardware stack levels required when called:    2
 This function calls:
		Nothing
 This function is called by:
		_init_ports
 This function uses a non-reentrant model


 *************** function _res_ports *****************
 Defined at:
		line 22 in file "init.c"
 Parameters:    Size  Location     Type
		None
 Auto vars:     Size  Location     Type
		None
 Return value:  Size  Location     Type
                  1    wreg      void 
 Registers used:
		status,2
 Tracked objects:
		On entry : 
		On exit  : 
		Unchanged: 
 Data sizes:     COMMON   BANK0   BANK1
      Params:         0       0       0
      Locals:         0       0       0
      Temps:          0       0       0
      Totals:         0       0       0
Total ram usage:        0 bytes
 Hardware stack levels used:    1
 Hardware stack levels required when called:    2
 This function calls:
		Nothing
 This function is called by:
		_init_ports
 This function uses a non-reentrant model


 *************** function _init_oscillerator *****************
 Defined at:
		line 12 in file "init.c"
 Parameters:    Size  Location     Type
		None
 Auto vars:     Size  Location     Type
		None
 Return value:  Size  Location     Type
                  1    wreg      void 
 Registers used:
		wreg, status,2, status,0
 Tracked objects:
		On entry : 
		On exit  : 
		Unchanged: 
 Data sizes:     COMMON   BANK0   BANK1
      Params:         0       0       0
      Locals:         0       0       0
      Temps:          0       0       0
      Totals:         0       0       0
Total ram usage:        0 bytes
 Hardware stack levels used:    1
 Hardware stack levels required when called:    2
 This function calls:
		Nothing
 This function is called by:
		_init
 This function uses a non-reentrant model


 *************** function _init_interrupt *****************
 Defined at:
		line 67 in file "init.c"
 Parameters:    Size  Location     Type
		None
 Auto vars:     Size  Location     Type
		None
 Return value:  Size  Location     Type
                  1    wreg      void 
 Registers used:
		wreg, status,2, status,0, pclath, cstack
 Tracked objects:
		On entry : 
		On exit  : 
		Unchanged: 
 Data sizes:     COMMON   BANK0   BANK1
      Params:         0       0       0
      Locals:         0       0       0
      Temps:          0       0       0
      Totals:         0       0       0
Total ram usage:        0 bytes
 Hardware stack levels used:    1
 Hardware stack levels required when called:    3
 This function calls:
		_init_interrupt_timer
 This function is called by:
		_init
 This function uses a non-reentrant model


 *************** function _init_interrupt_timer *****************
 Defined at:
		line 76 in file "init.c"
 Parameters:    Size  Location     Type
		None
 Auto vars:     Size  Location     Type
		None
 Return value:  Size  Location     Type
                  1    wreg      void 
 Registers used:
		wreg, status,2, status,0
 Tracked objects:
		On entry : 
		On exit  : 
		Unchanged: 
 Data sizes:     COMMON   BANK0   BANK1
      Params:         0       0       0
      Locals:         0       0       0
      Temps:          0       0       0
      Totals:         0       0       0
Total ram usage:        0 bytes
 Hardware stack levels used:    1
 Hardware stack levels required when called:    2
 This function calls:
		Nothing
 This function is called by:
		_init_interrupt
 This function uses a non-reentrant model


 *************** function _init_i2c *****************
 Defined at:
		line 49 in file "init.c"
 Parameters:    Size  Location     Type
		None
 Auto vars:     Size  Location     Type
		None
 Return value:  Size  Location     Type
                  1    wreg      void 
 Registers used:
		wreg
 Tracked objects:
		On entry : 
		On exit  : 
		Unchanged: 
 Data sizes:     COMMON   BANK0   BANK1
      Params:         0       0       0
      Locals:         0       0       0
      Temps:          0       0       0
      Totals:         0       0       0
Total ram usage:        0 bytes
 Hardware stack levels used:    1
 Hardware stack levels required when called:    2
 This function calls:
		Nothing
 This function is called by:
		_init
 This function uses a non-reentrant model


 *************** function _interruptHandler *****************
 Defined at:
		line 33 in file "interrupts.c"
 Parameters:    Size  Location     Type
		None
 Auto vars:     Size  Location     Type
		None
 Return value:  Size  Location     Type
                  1    wreg      void 
 Registers used:
		wreg, status,2, status,0, pclath, cstack
 Tracked objects:
		On entry : 
		On exit  : 
		Unchanged: 
 Data sizes:     COMMON   BANK0   BANK1
      Params:         0       0       0
      Locals:         0       0       0
      Temps:          0       0       0
      Totals:         0       0       0
Total ram usage:        0 bytes
 Hardware stack levels used:    1
 Hardware stack levels required when called:    1
 This function calls:
		_on_interrupt_timer_0
 This function is called by:
		Interrupt level 1
 This function uses a non-reentrant model


 *************** function _on_interrupt_timer_0 *****************
 Defined at:
		line 9 in file "interrupts.c"
 Parameters:    Size  Location     Type
		None
 Auto vars:     Size  Location     Type
		None
 Return value:  Size  Location     Type
                  1    wreg      void 
 Registers used:
		wreg, status,2
 Tracked objects:
		On entry : 
		On exit  : 
		Unchanged: 
 Data sizes:     COMMON   BANK0   BANK1
      Params:         0       0       0
      Locals:         0       0       0
      Temps:          0       0       0
      Totals:         0       0       0
Total ram usage:        0 bytes
 Hardware stack levels used:    1
 This function calls:
		Nothing
 This function is called by:
		_interruptHandler
 This function uses a non-reentrant model



MODULE INFORMATION

Module		Function		Class		Link	Load	Size
D:\Programs\Compilers\8 bit\pic\sources\c99\common\Umul16.c
		___wmul        		CODE           	0485	0000	28

D:\Programs\Compilers\8 bit\pic\sources\c99\common\Umul16.c estimated size: 28

interrupts.c
		_interruptHandler		CODE           	0004	0000	10
		_seg_disp_awake		CODE           	0558	0000	7
		_on_interrupt_timer_0		CODE           	0411	0000	32

interrupts.c estimated size: 49

switches.c
		_create_switch 		CODE           	0430	0000	30
		_update_switch 		CODE           	0190	0000	100
		_get_switch_toggle		CODE           	04CF	0000	22
		_get_switch_status		CODE           	056A	0000	6

switches.c estimated size: 158

D:\Programs\Compilers\8 bit\pic\sources\c99\common\lwdiv.c
		___lwdiv       		CODE           	0365	0000	53

D:\Programs\Compilers\8 bit\pic\sources\c99\common\lwdiv.c estimated size: 53

counter_1512.c
		_rst_storage   		CODE           	04F9	0000	17
		_update_switches		CODE           	0017	0000	199
		_cat_auto_save 		CODE           	0469	0000	29
		_main          		CODE           	02A2	0000	70
		_change_category		CODE           	04E4	0000	22
		_update_int_flags		CODE           	044D	0000	29
		_decrement     		CODE           	0564	0000	7
		_get_cat_val   		CODE           	0252	0000	81
		_init_structs  		CODE           	03C5	0000	44
		_set_cat_val   		CODE           	0329	0000	61
		_increment     		CODE           	055E	0000	7

counter_1512.c estimated size: 566

segmentdisplay47.c
		_seg_disp_47_off		CODE           	0522	0000	11
		_create_seg_disp_47		CODE           	04B9	0000	23
		_vis_next_digit		CODE           	00DD	0000	180
		_update_seg_disp_47		CODE           	0535	0000	9
		_seg_disp_47_get_val		CODE           	03F0	0000	34
		_seg_disp_47_set_val		CODE           	04A0	0000	26
		_seg_disp_47_on		CODE           	053D	0000	8

segmentdisplay47.c estimated size: 291

i2c_eeprom.c
		_eeprom_read_16		CODE           	01F3	0000	96
		_eeprom_write_16		CODE           	02E7	0000	67

i2c_eeprom.c estimated size: 163

shared
		__initialization		CODE           	000E	0000	7

shared estimated size: 7

init.c
		_init          		CODE           	056F	0000	6
		_init_oscillerator		CODE           	054B	0000	8
		_init_ports    		CODE           	0574	0000	4
		_res_ports     		CODE           	0509	0000	14
		_init_interrupt		CODE           	0577	0000	4
		_set_ports     		CODE           	0544	0000	8
		_init_i2c      		CODE           	052C	0000	10
		_init_interrupt_timer		CODE           	0516	0000	13

init.c estimated size: 67

D:\Programs\Compilers\8 bit\pic\sources\c99\common\lwmod.c
		___lwmod       		CODE           	0399	0000	45

D:\Programs\Compilers\8 bit\pic\sources\c99\common\lwmod.c estimated size: 45

