Microchip MPLAB XC8 Compiler V2.05 ()

Linker command line:

-W-3 --edf=D:\Programs\Compilers\8 bit\pic\dat\en_msgs.txt -cs \
  -h+dist/New/production\Test_10f200.X.production.sym \
  --cmf=dist/New/production\Test_10f200.X.production.cmf -z -Q10F200 \
  -oC:\Users\Jonas\AppData\Local\Temp\s974.2 --defsym=__MPLAB_BUILD=1 \
  -Mdist/New/production/Test_10f200.X.production.map -E1 -ver=XC8 \
  --acfsm=1493 -ASTACK=010h-01Bh -pstack=STACK -ACODE=00h-0FEh \
  -ASTRCODE=00h-0FEh -ASTRING=00h-0FEh -AENTRY=00h-0FFh-0FEh \
  -ABANK0=010h-01Dh -ARAM=010h-01Dh -AABS1=010h-01Fh -ACOMMON=01Ch-01Fh \
  -ASFR0=00h-0Fh -preset_vec=0ffh,reset_wrap=0h,init,end_init,cinit,clrtext \
  -ppowerup=CODE -pfunctab=ENTRY -ACONFIG=0FFFh-0FFFh -pconfig=CONFIG \
  -DCONFIG=2 -AIDLOC=0100h-0103h -pidloc=IDLOC -DIDLOC=2 -pstrings=-STRING \
  -DCODE=2 -DSTRCODE=2 -DSTRING=2 -DCONST=2 -DENTRY=2 -k \
  C:\Users\Jonas\AppData\Local\Temp\s974.o \
  dist/New/production\Test_10f200.X.production.o 

Object code version is 3.11

Machine type is 10F200



                Name                               Link     Load   Length Selector   Space Scale
C:\Users\Jonas\AppData\Local\Temp\s974.o
                end_init                              0        0        1        0       0
                reset_vec                            FF       FF        1      1FE       0
dist/New/production\Test_10f200.X.production.o
                cinit                                 1        1        2        0       0
                maintext                              3        3        1        6       0

TOTAL           Name                               Link     Load   Length     Space
        CLASS   STACK          

        CLASS   CODE           
                reset_vec                            FF       FF        1         0
                maintext                              3        3        1         0

        CLASS   STRCODE        

        CLASS   STRING         

        CLASS   ENTRY          
                end_init                              0        0        1         0
                cinit                                 1        1        2         0

        CLASS   BANK0          

        CLASS   RAM            

        CLASS   ABS1           
                abs_s1                               1C       1C        4         1

        CLASS   COMMON         

        CLASS   SFR0           

        CLASS   CONFIG         

        CLASS   IDLOC          

        CLASS   CONST          



SEGMENTS        Name                           Load    Length   Top    Selector   Space  Class     Delta

                reset_wrap                     000000  000003  000003         0       0  ENTRY       2
                maintext                       000003  000001  000004         6       0  CODE        2
                reset_vec                      0000FF  000001  000100       1FE       0  CODE        2


UNUSED ADDRESS RANGES

        Name                Unused          Largest block    Delta
        BANK0            010-01B             C           1
        CODE             004-0FE            FB           2
        CONFIG           FFF-FFF             1           2
        ENTRY            004-0FE            FB           2
        IDLOC            100-103             4           2
        RAM              010-01B             C           1
        SFR0             000-00F            10           1
        STACK            010-01B             C           1
        STRCODE          004-0FE            FB           2
        STRING           004-0FE            FB           2

                                  Symbol Table

__Habs1                  abs1         000
__Hbank0                 bank0        000
__Hcinit                 cinit        003
__Hclrtext               clrtext      003
__Hcode                  code         000
__Hcommon                common       000
__Hconfig                config       000
__HcstackBANK0           cstackBANK0  000
__HcstackCOMMON          cstackCOMMON 000
__Hend_init              end_init     001
__Hfunctab               functab      000
__Hidloc                 idloc        000
__Hinit                  init         000
__Hjmp_tab               jmp_tab      000
__Hmaintext              maintext     000
__Hpowerup               powerup      000
__Hram                   ram          000
__Hreset_vec             reset_vec    100
__Hreset_wrap            reset_wrap   000
__Hsfr0                  sfr0         000
__Hspace_0               (abs)        100
__Hspace_1               (abs)        000
__Hspace_2               (abs)        000
__Hstack                 stack        000
__Hstrings               strings      000
__Htext                  text         000
__Labs1                  abs1         000
__Lbank0                 bank0        000
__Lcinit                 cinit        001
__Lclrtext               clrtext      003
__Lcode                  code         000
__Lcommon                common       000
__Lconfig                config       000
__LcstackBANK0           cstackBANK0  000
__LcstackCOMMON          cstackCOMMON 000
__Lend_init              end_init     000
__Lfunctab               functab      000
__Lidloc                 idloc        000
__Linit                  init         000
__Ljmp_tab               jmp_tab      000
__Lmaintext              maintext     000
__Lpowerup               powerup      000
__Lram                   ram          000
__Lreset_vec             reset_vec    0FF
__Lreset_wrap            reset_wrap   000
__Lsfr0                  sfr0         000
__Lspace_0               (abs)        000
__Lspace_1               (abs)        000
__Lspace_2               (abs)        000
__Lstack                 stack        000
__Lstrings               strings      000
__Ltext                  text         000
__S0                     (abs)        004
__S1                     (abs)        000
__S2                     (abs)        000
___int_sp                stack        000
___latbits               (abs)        000
___sp                    stack        000
___stackhi               (abs)        000
___stacklo               (abs)        000
__end_of__initialization cinit        001
__end_of_main            maintext     004
__initialization         cinit        001
__pcstackBANK0           cstackBANK0  000
__pcstackCOMMON          cstackCOMMON 000
__pmaintext              maintext     003
__size_of_main           (abs)        000
_main                    maintext     003
btemp                    (abs)        01C
end_of_initialization    cinit        001
ltemp0                   (abs)        01C
reset_vec                reset_vec    0FF
start                    init         000
start_initialization     cinit        001
ttemp0                   (abs)        01C
wtemp0                   (abs)        01C
wtemp1                   (abs)        01E


FUNCTION INFORMATION:

 *************** function _main *****************
 Defined at:
		line 5 in file "main.c"
 Parameters:    Size  Location     Type
		None
 Auto vars:     Size  Location     Type
		None
 Return value:  Size  Location     Type
                  1    4[None  ] void 
 Registers used:
		None
 Tracked objects:
		On entry : 
		On exit  : 
		Unchanged: 
 Data sizes:     COMMON   BANK0
      Params:         0       0
      Locals:         0       0
      Temps:          0       0
      Totals:         0       0
Total ram usage:        0 bytes
 This function calls:
		Nothing
 This function is called by:
		Startup code after reset
 This function uses a non-reentrant model



MODULE INFORMATION

Module		Function		Class		Link	Load	Size
shared
		__initialization		ENTRY          	0001	0000	1

shared estimated size: 1

main.c
		_main          		CODE           	0003	0000	2

main.c estimated size: 2

