Microchip MPLAB XC8 Compiler V2.05 ()

Linker command line:

-W-3 --edf=D:\Programs\Compilers\8 bit\pic\dat\en_msgs.txt -cs \
  -h+dist/default/production\bust_1512.X.production.sym \
  --cmf=dist/default/production\bust_1512.X.production.cmf -z -w9 \
  --disl=596:off --norlf -Q16F1512 \
  -oC:\Users\Jonas\AppData\Local\Temp\s1fh8.2 --defsym=__MPLAB_BUILD=1 \
  -Mdist/default/production/bust_1512.X.production.map -E1 -ver=XC8 \
  --acfsm=1493 -ACODE=00h-07FFh -ASTRCODE=00h-07FFh -ASTRING=00h-0FFhx8 \
  -ACONST=00h-0FFhx8 -AENTRY=00h-0FFhx8 -ACOMMON=070h-07Fh \
  -ABANK0=020h-06Fh -ABANK1=0A0h-0BFh -ABIGRAM=02000h-0206Fh \
  -ARAM=020h-06Fh,0A0h-0BFh -AABS1=020h-07Fh,0A0h-0BFh -ASFR0=00h-01Fh \
  -ASFR1=080h-09Fh -ASFR2=0100h-016Fh -ASFR3=0180h-01EFh -ASFR4=0200h-026Fh \
  -ASFR5=0280h-02EFh -ASFR6=0300h-036Fh -ASFR7=0380h-03EFh \
  -ASFR8=0400h-046Fh -ASFR9=0480h-04EFh -ASFR10=0500h-056Fh \
  -ASFR11=0580h-05EFh -ASFR12=0600h-066Fh -ASFR13=0680h-06EFh \
  -ASFR14=0700h-076Fh -ASFR15=0780h-07EFh -ASFR16=0800h-086Fh \
  -ASFR17=0880h-08EFh -ASFR18=0900h-096Fh -ASFR19=0980h-09EFh \
  -ASFR20=0A00h-0A6Fh -ASFR21=0A80h-0AEFh -ASFR22=0B00h-0B6Fh \
  -ASFR23=0B80h-0BEFh -ASFR24=0C00h-0C6Fh -ASFR25=0C80h-0CEFh \
  -ASFR26=0D00h-0D6Fh -ASFR27=0D80h-0DEFh -ASFR28=0E00h-0E6Fh \
  -ASFR29=0E80h-0EEFh -ASFR30=0F00h-0F6Fh -ASFR31=0F80h-0FEFh \
  -preset_vec=00h,intentry,init,end_init -ppowerup=CODE -pcinit=CODE \
  -pfunctab=ENTRY -ACONFIG=08007h-08008h -pconfig=CONFIG -DCONFIG=2 \
  -AIDLOC=08000h-08003h -pidloc=IDLOC -DIDLOC=2 -DCODE=2 -DSTRCODE=2 \
  -DSTRING=2 -DCONST=2 -DENTRY=2 -k \
  C:\Users\Jonas\AppData\Local\Temp\s1fh8.o \
  dist/default/production\bust_1512.X.production.o 

Object code version is 3.11

Machine type is 16F1512



                Name                               Link     Load   Length Selector   Space Scale
C:\Users\Jonas\AppData\Local\Temp\s1fh8.o
                end_init                              A        A        2        0       0
                reset_vec                             0        0        1        0       0
dist/default/production\bust_1512.X.production.o
                cinit                               7F7      7F7        9      FEE       0
                intentry                              1        1        9        0       0
                text27                              53E      53E       1F      A7C       0
                text25                              682      682       5F      D04       0
                text24                              640      640       42      C80       0
                text23                              482      482        9      904       0
                text22                              495      495        C      92A       0
                text21                              454      454        3      8A8       0
                text20                              465      465        7      8CA       0
                text19                              4A1      4A1        D      942       0
                text18                              46C      46C        7      8D8       0
                text17                              457      457        3      8AE       0
                text16                              45A      45A        5      8B4       0
                text15                              4BD      4BD       16      97A       0
                text14                              521      521       1D      A42       0
                text13                              4AE      4AE        F      95C       0
                text12                              48B      48B        A      916       0
                text11                              473      473        7      8E6       0
                text10                              5CE      5CE       34      B9C       0
                text9                               5A2      5A2       2C      B44       0
                text8                               506      506       1B      A0C       0
                text7                               55D      55D       21      ABA       0
                text6                               744      744       B3      E88       0
                text5                               4EC      4EC       1A      9D8       0
                text4                               4D3      4D3       19      9A6       0
                text3                               47A      47A        8      8F4       0
                text2                               6E1      6E1       63      DC2       0
                text1                               57E      57E       24      AFC       0
                maintext                            602      602       3E      C04       0
                cstackBANK0                          2F       2F        E       20       1
                cstackCOMMON                         70       70        E       70       1
                clrtext                             45F      45F        6      8BE       0
                bssBANK0                             20       20        F       20       1
                nvBANK0                              3D       3D        1       20       1

TOTAL           Name                               Link     Load   Length     Space
        CLASS   CODE           
                end_init                              A        A        2         0
                cinit                               7F7      7F7        9         0
                intentry                              1        1        9         0
                reset_vec                             0        0        1         0
                text27                              53E      53E       1F         0
                text25                              682      682       5F         0
                text24                              640      640       42         0
                text23                              482      482        9         0
                text22                              495      495        C         0
                text21                              454      454        3         0
                text20                              465      465        7         0
                text19                              4A1      4A1        D         0
                text18                              46C      46C        7         0
                text17                              457      457        3         0
                text16                              45A      45A        5         0
                text15                              4BD      4BD       16         0
                text14                              521      521       1D         0
                text13                              4AE      4AE        F         0
                text12                              48B      48B        A         0
                text11                              473      473        7         0
                text10                              5CE      5CE       34         0
                text9                               5A2      5A2       2C         0
                text8                               506      506       1B         0
                text7                               55D      55D       21         0
                text6                               744      744       B3         0
                text5                               4EC      4EC       1A         0
                text4                               4D3      4D3       19         0
                text3                               47A      47A        8         0
                text2                               6E1      6E1       63         0
                text1                               57E      57E       24         0
                maintext                            602      602       3E         0
                clrtext                             45F      45F        6         0

        CLASS   STRCODE        

        CLASS   STRING         

        CLASS   CONST          

        CLASS   ENTRY          

        CLASS   COMMON         
                cstackCOMMON                         70       70        E         1

        CLASS   BANK0          
                cstackBANK0                          2F       2F        E         1
                bssBANK0                             20       20        F         1
                nvBANK0                              3D       3D        1         1

        CLASS   BANK1          

        CLASS   BIGRAM         

        CLASS   RAM            

        CLASS   ABS1           
                abs_s1                               7E       7E        2         1

        CLASS   SFR0           

        CLASS   SFR1           

        CLASS   SFR2           

        CLASS   SFR3           

        CLASS   SFR4           

        CLASS   SFR5           

        CLASS   SFR6           

        CLASS   SFR7           

        CLASS   SFR8           

        CLASS   SFR9           

        CLASS   SFR10          

        CLASS   SFR11          

        CLASS   SFR12          

        CLASS   SFR13          

        CLASS   SFR14          

        CLASS   SFR15          

        CLASS   SFR16          

        CLASS   SFR17          

        CLASS   SFR18          

        CLASS   SFR19          

        CLASS   SFR20          

        CLASS   SFR21          

        CLASS   SFR22          

        CLASS   SFR23          

        CLASS   SFR24          

        CLASS   SFR25          

        CLASS   SFR26          

        CLASS   SFR27          

        CLASS   SFR28          

        CLASS   SFR29          

        CLASS   SFR30          

        CLASS   SFR31          

        CLASS   CONFIG         

        CLASS   IDLOC          

        CLASS   BANK31         

        CLASS   BANK30         

        CLASS   BANK29         

        CLASS   BANK28         

        CLASS   BANK27         

        CLASS   BANK26         

        CLASS   BANK25         

        CLASS   BANK24         

        CLASS   BANK23         

        CLASS   BANK22         

        CLASS   BANK21         

        CLASS   BANK20         

        CLASS   BANK19         

        CLASS   BANK18         

        CLASS   BANK17         

        CLASS   BANK16         

        CLASS   BANK15         

        CLASS   BANK14         

        CLASS   BANK13         

        CLASS   BANK12         

        CLASS   BANK11         

        CLASS   BANK10         

        CLASS   BANK9          

        CLASS   BANK8          

        CLASS   BANK7          

        CLASS   BANK6          

        CLASS   BANK5          

        CLASS   BANK4          

        CLASS   BANK3          

        CLASS   BANK2          

        CLASS   STACK          

        CLASS   EEDATA         



SEGMENTS        Name                           Load    Length   Top    Selector   Space  Class     Delta

                reset_vec                      000000  00000C  00000C         0       0  CODE        2
                bssBANK0                       000020  00001E  00003E        20       1  BANK0       1
                cstackCOMMON                   000070  00000E  00007E        70       1  COMMON      1
                text21                         000454  000003  000457       8A8       0  CODE        2
                text17                         000457  000003  00045A       8AE       0  CODE        2
                text16                         00045A  000005  00045F       8B4       0  CODE        2
                clrtext                        00045F  000006  000465       8BE       0  CODE        2
                text20                         000465  000007  00046C       8CA       0  CODE        2
                text18                         00046C  000007  000473       8D8       0  CODE        2
                text11                         000473  000007  00047A       8E6       0  CODE        2
                text3                          00047A  000008  000482       8F4       0  CODE        2
                text23                         000482  000009  00048B       904       0  CODE        2
                text12                         00048B  00000A  000495       916       0  CODE        2
                text22                         000495  00000C  0004A1       92A       0  CODE        2
                text19                         0004A1  00000D  0004AE       942       0  CODE        2
                text13                         0004AE  00000F  0004BD       95C       0  CODE        2
                text15                         0004BD  000016  0004D3       97A       0  CODE        2
                text4                          0004D3  000019  0004EC       9A6       0  CODE        2
                text5                          0004EC  00001A  000506       9D8       0  CODE        2
                text8                          000506  00001B  000521       A0C       0  CODE        2
                text14                         000521  00001D  00053E       A42       0  CODE        2
                text27                         00053E  00001F  00055D       A7C       0  CODE        2
                text7                          00055D  000021  00057E       ABA       0  CODE        2
                text1                          00057E  000024  0005A2       AFC       0  CODE        2
                text9                          0005A2  00002C  0005CE       B44       0  CODE        2
                text10                         0005CE  000034  000602       B9C       0  CODE        2
                maintext                       000602  00003E  000640       C04       0  CODE        2
                text24                         000640  000042  000682       C80       0  CODE        2
                text25                         000682  00005F  0006E1       D04       0  CODE        2
                text2                          0006E1  000063  000744       DC2       0  CODE        2
                text6                          000744  0000B3  0007F7       E88       0  CODE        2
                cinit                          0007F7  000009  000800       FEE       0  CODE        2


UNUSED ADDRESS RANGES

        Name                Unused          Largest block    Delta
        BANK0            003E-006F             32           1
        BANK1            00A0-00BF             20           1
        BIGRAM           2000-206F             70           1
        CODE             000C-0453            448           2
        CONFIG           8007-8008              2           2
        CONST            000C-0453            100           2
        ENTRY            000C-0453            100           2
        IDLOC            8000-8003              4           2
        RAM              003E-006F             32           1
                         00A0-00BF             20
        SFR0             0000-001F             20           1
        SFR1             0080-009F             20           1
        SFR10            0500-056F             70           1
        SFR11            0580-05EF             70           1
        SFR12            0600-066F             70           1
        SFR13            0680-06EF             70           1
        SFR14            0700-076F             70           1
        SFR15            0780-07EF             70           1
        SFR16            0800-086F             70           1
        SFR17            0880-08EF             70           1
        SFR18            0900-096F             70           1
        SFR19            0980-09EF             70           1
        SFR2             0100-016F             70           1
        SFR20            0A00-0A6F             70           1
        SFR21            0A80-0AEF             70           1
        SFR22            0B00-0B6F             70           1
        SFR23            0B80-0BEF             70           1
        SFR24            0C00-0C6F             70           1
        SFR25            0C80-0CEF             70           1
        SFR26            0D00-0D6F             70           1
        SFR27            0D80-0DEF             70           1
        SFR28            0E00-0E6F             70           1
        SFR29            0E80-0EEF             70           1
        SFR3             0180-01EF             70           1
        SFR30            0F00-0F6F             70           1
        SFR31            0F80-0FEF             70           1
        SFR4             0200-026F             70           1
        SFR5             0280-02EF             70           1
        SFR6             0300-036F             70           1
        SFR7             0380-03EF             70           1
        SFR8             0400-046F             70           1
        SFR9             0480-04EF             70           1
        STRCODE          000C-0453            448           2
        STRING           000C-0453            100           2

                                  Symbol Table

__CFG_BOREN$ON                 (abs)        0000
__CFG_BORV$LO                  (abs)        0000
__CFG_CLKOUTEN$OFF             (abs)        0000
__CFG_CP$OFF                   (abs)        0000
__CFG_FCMEN$ON                 (abs)        0000
__CFG_FOSC$INTOSC              (abs)        0000
__CFG_IESO$ON                  (abs)        0000
__CFG_LPBOR$OFF                (abs)        0000
__CFG_LVP$OFF                  (abs)        0000
__CFG_MCLRE$ON                 (abs)        0000
__CFG_PWRTE$OFF                (abs)        0000
__CFG_STVREN$ON                (abs)        0000
__CFG_VCAPEN$OFF               (abs)        0000
__CFG_WDTE$OFF                 (abs)        0000
__CFG_WRT$OFF                  (abs)        0000
__Habs1                        abs1         0000
__Hbank0                       bank0        0000
__Hbank1                       bank1        0000
__Hbank10                      bank10       0000
__Hbank11                      bank11       0000
__Hbank12                      bank12       0000
__Hbank13                      bank13       0000
__Hbank14                      bank14       0000
__Hbank15                      bank15       0000
__Hbank16                      bank16       0000
__Hbank17                      bank17       0000
__Hbank18                      bank18       0000
__Hbank19                      bank19       0000
__Hbank2                       bank2        0000
__Hbank20                      bank20       0000
__Hbank21                      bank21       0000
__Hbank22                      bank22       0000
__Hbank23                      bank23       0000
__Hbank24                      bank24       0000
__Hbank25                      bank25       0000
__Hbank26                      bank26       0000
__Hbank27                      bank27       0000
__Hbank28                      bank28       0000
__Hbank29                      bank29       0000
__Hbank3                       bank3        0000
__Hbank30                      bank30       0000
__Hbank31                      bank31       0000
__Hbank4                       bank4        0000
__Hbank5                       bank5        0000
__Hbank6                       bank6        0000
__Hbank7                       bank7        0000
__Hbank8                       bank8        0000
__Hbank9                       bank9        0000
__Hbigram                      bigram       0000
__HbssBANK0                    bssBANK0     0000
__Hclrtext                     clrtext      0000
__Hcode                        code         0000
__Hcommon                      common       0000
__Hconfig                      config       0000
__HcstackBANK0                 cstackBANK0  0000
__HcstackCOMMON                cstackCOMMON 0000
__Heeprom_data                 eeprom_data  0000
__Hfunctab                     functab      0000
__Hidloc                       idloc        0000
__Hmaintext                    maintext     0000
__HnvBANK0                     nvBANK0      0000
__Hpowerup                     powerup      0000
__Hram                         ram          0000
__Hsfr0                        sfr0         0000
__Hsfr1                        sfr1         0000
__Hsfr10                       sfr10        0000
__Hsfr11                       sfr11        0000
__Hsfr12                       sfr12        0000
__Hsfr13                       sfr13        0000
__Hsfr14                       sfr14        0000
__Hsfr15                       sfr15        0000
__Hsfr16                       sfr16        0000
__Hsfr17                       sfr17        0000
__Hsfr18                       sfr18        0000
__Hsfr19                       sfr19        0000
__Hsfr2                        sfr2         0000
__Hsfr20                       sfr20        0000
__Hsfr21                       sfr21        0000
__Hsfr22                       sfr22        0000
__Hsfr23                       sfr23        0000
__Hsfr24                       sfr24        0000
__Hsfr25                       sfr25        0000
__Hsfr26                       sfr26        0000
__Hsfr27                       sfr27        0000
__Hsfr28                       sfr28        0000
__Hsfr29                       sfr29        0000
__Hsfr3                        sfr3         0000
__Hsfr30                       sfr30        0000
__Hsfr31                       sfr31        0000
__Hsfr4                        sfr4         0000
__Hsfr5                        sfr5         0000
__Hsfr6                        sfr6         0000
__Hsfr7                        sfr7         0000
__Hsfr8                        sfr8         0000
__Hsfr9                        sfr9         0000
__Hspace_2                     (abs)        0000
__Hspace_3                     (abs)        0000
__Hstack                       stack        0000
__Hstrings                     strings      0000
__Htext                        text         0000
__Labs1                        abs1         0000
__Lbank0                       bank0        0000
__Lbank1                       bank1        0000
__Lbank10                      bank10       0000
__Lbank11                      bank11       0000
__Lbank12                      bank12       0000
__Lbank13                      bank13       0000
__Lbank14                      bank14       0000
__Lbank15                      bank15       0000
__Lbank16                      bank16       0000
__Lbank17                      bank17       0000
__Lbank18                      bank18       0000
__Lbank19                      bank19       0000
__Lbank2                       bank2        0000
__Lbank20                      bank20       0000
__Lbank21                      bank21       0000
__Lbank22                      bank22       0000
__Lbank23                      bank23       0000
__Lbank24                      bank24       0000
__Lbank25                      bank25       0000
__Lbank26                      bank26       0000
__Lbank27                      bank27       0000
__Lbank28                      bank28       0000
__Lbank29                      bank29       0000
__Lbank3                       bank3        0000
__Lbank30                      bank30       0000
__Lbank31                      bank31       0000
__Lbank4                       bank4        0000
__Lbank5                       bank5        0000
__Lbank6                       bank6        0000
__Lbank7                       bank7        0000
__Lbank8                       bank8        0000
__Lbank9                       bank9        0000
__Lbigram                      bigram       0000
__LbssBANK0                    bssBANK0     0000
__Lclrtext                     clrtext      0000
__Lcode                        code         0000
__Lcommon                      common       0000
__Lconfig                      config       0000
__LcstackBANK0                 cstackBANK0  0000
__LcstackCOMMON                cstackCOMMON 0000
__Leeprom_data                 eeprom_data  0000
__Lfunctab                     functab      0000
__Lidloc                       idloc        0000
__Lmaintext                    maintext     0000
__LnvBANK0                     nvBANK0      0000
__Lpowerup                     powerup      0000
__Lram                         ram          0000
__Lreset_vec                   reset_vec    0000
__Lsfr0                        sfr0         0000
__Lsfr1                        sfr1         0000
__Lsfr10                       sfr10        0000
__Lsfr11                       sfr11        0000
__Lsfr12                       sfr12        0000
__Lsfr13                       sfr13        0000
__Lsfr14                       sfr14        0000
__Lsfr15                       sfr15        0000
__Lsfr16                       sfr16        0000
__Lsfr17                       sfr17        0000
__Lsfr18                       sfr18        0000
__Lsfr19                       sfr19        0000
__Lsfr2                        sfr2         0000
__Lsfr20                       sfr20        0000
__Lsfr21                       sfr21        0000
__Lsfr22                       sfr22        0000
__Lsfr23                       sfr23        0000
__Lsfr24                       sfr24        0000
__Lsfr25                       sfr25        0000
__Lsfr26                       sfr26        0000
__Lsfr27                       sfr27        0000
__Lsfr28                       sfr28        0000
__Lsfr29                       sfr29        0000
__Lsfr3                        sfr3         0000
__Lsfr30                       sfr30        0000
__Lsfr31                       sfr31        0000
__Lsfr4                        sfr4         0000
__Lsfr5                        sfr5         0000
__Lsfr6                        sfr6         0000
__Lsfr7                        sfr7         0000
__Lsfr8                        sfr8         0000
__Lsfr9                        sfr9         0000
__Lspace_0                     (abs)        0000
__Lspace_1                     (abs)        0000
__Lspace_2                     (abs)        0000
__Lspace_3                     (abs)        0000
__Lstack                       stack        0000
__Lstrings                     strings      0000
__Ltext                        text         0000
___int_sp                      stack        0000
___latbits                     (abs)        0000
___sp                          stack        0000
___stackhi                     (abs)        0000
___stacklo                     (abs)        0000
__size_of___lwdiv              (abs)        0000
__size_of___lwmod              (abs)        0000
__size_of___wmul               (abs)        0000
__size_of_create_seg_disp_47   (abs)        0000
__size_of_create_switch        (abs)        0000
__size_of_eeprom_read_16       (abs)        0000
__size_of_eeprom_write_16      (abs)        0000
__size_of_init                 (abs)        0000
__size_of_init_i2c             (abs)        0000
__size_of_init_interrupt       (abs)        0000
__size_of_init_interrupt_timer (abs)        0000
__size_of_init_oscillerator    (abs)        0000
__size_of_init_ports           (abs)        0000
__size_of_init_structs         (abs)        0000
__size_of_interruptHandler     (abs)        0000
__size_of_main                 (abs)        0000
__size_of_on_interrupt_timer_0 (abs)        0000
__size_of_res_ports            (abs)        0000
__size_of_seg_disp_47_get_val  (abs)        0000
__size_of_seg_disp_47_off      (abs)        0000
__size_of_seg_disp_47_on       (abs)        0000
__size_of_seg_disp_47_set_val  (abs)        0000
__size_of_set_ports            (abs)        0000
__size_of_update_int_flags     (abs)        0000
__size_of_update_seg_disp_47   (abs)        0000
__size_of_update_switch        (abs)        0000
__size_of_update_switches      (abs)        0000
__size_of_vis_next_digit       (abs)        0000
_rst_storage                                    
intlevel0                      functab      0000
intlevel1                      functab      0000
intlevel2                      functab      0000
intlevel3                      functab      0000
intlevel4                      functab      0000
intlevel5                      functab      0000
reset_vec                      reset_vec    0000
__Hreset_vec                   reset_vec    0001
__Lintentry                    intentry     0001
__pintentry                    intentry     0001
_interruptHandler              intentry     0001
_INTCONbits                    (abs)        000B
_PORTBbits                     (abs)        000D
_PIR1bits                      (abs)        0011
__Hinit                        init         000A
__Hintentry                    intentry     000A
__Lend_init                    end_init     000A
__Linit                        init         000A
__end_of_interruptHandler      intentry     000A
start                          init         000A
_TMR0                          (abs)        0015
__Hend_init                    end_init     000C
__pbssBANK0                    bssBANK0     0020
_seg_disp_save                 bssBANK0     0020
_seg_disp_sleep                bssBANK0     0022
_old_btns                      bssBANK0     0024
_p_btns                        bssBANK0     0025
_INT_FLAGS                     bssBANK0     0026
_ee_seq_4                      bssBANK0     0027
_v_disp                        bssBANK0     002B
_v_btns                        bssBANK0     002E
__pcstackBANK0                 cstackBANK0  002F
vis_next_digit@val             cstackBANK0  0032
vis_next_digit@digit_val       cstackBANK0  0034
vis_next_digit@sLATB           cstackBANK0  0035
vis_next_digit@p               cstackBANK0  0036
vis_next_digit@digit_divider   cstackBANK0  0037
vis_next_digit@s_t             cstackBANK0  0039
main@k                         cstackBANK0  003B
main@f                         cstackBANK0  003C
__pnvBANK0                     nvBANK0      003D
_p_disp                        nvBANK0      003D
_T0IF                          (abs)        005A
_T0IE                          (abs)        005D
?___lwdiv                      cstackCOMMON 0070
?___wmul                       cstackCOMMON 0070
?_seg_disp_47_get_val          cstackCOMMON 0070
___lwdiv@divisor               cstackCOMMON 0070
___wmul@multiplier             cstackCOMMON 0070
__pcstackCOMMON                cstackCOMMON 0070
create_seg_disp_47@s_t         cstackCOMMON 0070
eeprom_read_16@add             cstackCOMMON 0070
eeprom_write_16@add            cstackCOMMON 0070
seg_disp_47_off@s_t            cstackCOMMON 0070
seg_disp_47_on@s_t             cstackCOMMON 0070
seg_disp_47_set_val@value      cstackCOMMON 0070
update_switch@sbtn             cstackCOMMON 0070
create_switch@s_t              cstackCOMMON 0071
update_switch@streak           cstackCOMMON 0071
___lwdiv@dividend              cstackCOMMON 0072
___wmul@multiplicand           cstackCOMMON 0072
eeprom_write_16@eeData         cstackCOMMON 0072
eeprom_read_16@addHigh         cstackCOMMON 0073
___wmul@product                cstackCOMMON 0074
eeprom_read_16@addLow          cstackCOMMON 0074
eeprom_write_16@slaveAdd       cstackCOMMON 0074
seg_disp_47_set_val@s_t        cstackCOMMON 0074
___lwdiv@quotient              cstackCOMMON 0075
eeprom_read_16@tempData        cstackCOMMON 0075
eeprom_write_16@addHigh        cstackCOMMON 0075
seg_disp_47_get_val@val        cstackCOMMON 0075
update_seg_disp_47@cur_val     cstackCOMMON 0075
eeprom_read_16@slaveAdd        cstackCOMMON 0076
eeprom_write_16@addLow         cstackCOMMON 0076
___lwdiv@counter               cstackCOMMON 0077
seg_disp_47_get_val@s_t        cstackCOMMON 0077
update_seg_disp_47@s_t         cstackCOMMON 0077
?___lwmod                      cstackCOMMON 0078
___lwmod@divisor               cstackCOMMON 0078
update_switch@s_t              cstackCOMMON 0079
___lwmod@dividend              cstackCOMMON 007A
update_switches@i              cstackCOMMON 007B
___lwmod@counter               cstackCOMMON 007D
__Hspace_1                     (abs)        007E
__S1                           (abs)        007E
btemp                          (abs)        007E
int$flags                      (abs)        007E
wtemp0                         (abs)        007E
_SSPIF                         (abs)        008B
_TRISA                         (abs)        008C
_TRISB                         (abs)        008D
_TRISBbits                     (abs)        008D
_TRISC                         (abs)        008E
_TRISCbits                     (abs)        008E
_OPTION_REGbits                (abs)        0095
_OSCCONbits                    (abs)        0099
_LATA                          (abs)        010C
_LATB                          (abs)        010D
_LATC                          (abs)        010E
_ANSELA                        (abs)        018C
_ANSELB                        (abs)        018D
_ANSELC                        (abs)        018E
_SSPBUF                        (abs)        0211
_SSPADD                        (abs)        0212
_SSPSTATbits                   (abs)        0214
_SSPCON1                       (abs)        0215
_SSPCON2bits                   (abs)        0216
__Hspace_0                     (abs)        0800
__S0                           (abs)        0800
__ptext21                      text21       0454
_init_interrupt                text21       0454
__end_of_init_interrupt        text21       0457
__ptext17                      text17       0457
_init_ports                    text17       0457
__end_of_init_ports            text17       045A
__ptext16                      text16       045A
_init                          text16       045A
__end_of_init                  text16       045F
clear_ram0                     clrtext      045F
__ptext20                      text20       0465
_init_oscillerator             text20       0465
__end_of_init_oscillerator     text20       046C
__ptext18                      text18       046C
_set_ports                     text18       046C
__end_of_set_ports             text18       0473
__ptext11                      text11       0473
_seg_disp_47_on                text11       0473
__end_of_seg_disp_47_on        text11       047A
__ptext3                       text3        047A
_update_seg_disp_47            text3        047A
__end_of_update_seg_disp_47    text3        0482
__ptext23                      text23       0482
_init_i2c                      text23       0482
__end_of_init_i2c              text23       048B
__ptext12                      text12       048B
_seg_disp_47_off               text12       048B
__end_of_seg_disp_47_off       text12       0495
__ptext22                      text22       0495
_init_interrupt_timer          text22       0495
__end_of_init_interrupt_timer  text22       04A1
__ptext19                      text19       04A1
_res_ports                     text19       04A1
__end_of_res_ports             text19       04AE
__ptext13                      text13       04AE
_init_structs                  text13       04AE
__end_of_init_structs          text13       04BD
__ptext15                      text15       04BD
_create_seg_disp_47            text15       04BD
__end_of_create_seg_disp_47    text15       04D3
__ptext4                       text4        04D3
_seg_disp_47_set_val           text4        04D3
__end_of_seg_disp_47_set_val   text4        04EC
__ptext5                       text5        04EC
_update_int_flags              text5        04EC
___wmul                        text8        0506
__end_of_update_int_flags      text5        0506
__ptext8                       text8        0506
__end_of___wmul                text8        0521
__ptext14                      text14       0521
_create_switch                 text14       0521
__end_of_create_switch         text14       053E
__ptext27                      text27       053E
_on_interrupt_timer_0          text27       053E
__end_of_on_interrupt_timer_0  text27       055D
__ptext7                       text7        055D
_seg_disp_47_get_val           text7        055D
__end_of_seg_disp_47_get_val   text7        057E
__ptext1                       text1        057E
_update_switches               text1        057E
___lwmod                       text9        05A2
__end_of_update_switches       text1        05A2
__ptext9                       text9        05A2
___lwdiv                       text10       05CE
__end_of___lwmod               text9        05CE
__ptext10                      text10       05CE
__end_of___lwdiv               text10       0602
__pmaintext                    maintext     0602
_main                          maintext     0602
__end_of_main                  maintext     0640
__ptext24                      text24       0640
_eeprom_write_16               text24       0640
__end_of_eeprom_write_16       text24       0682
__ptext25                      text25       0682
_eeprom_read_16                text25       0682
__end_of_eeprom_read_16        text25       06E1
__ptext2                       text2        06E1
_update_switch                 text2        06E1
__end_of_update_switch         text2        0744
__ptext6                       text6        0744
_vis_next_digit                text6        0744
__Lcinit                       cinit        07F7
__end_of_vis_next_digit        text6        07F7
__initialization               cinit        07F7
__end_of__initialization       cinit        07FD
__Hcinit                       cinit        0800
_SEN                           (abs)        10B0
_RSEN                          (abs)        10B1
_PEN                           (abs)        10B2
_ACKEN                         (abs)        10B4
end_of_initialization          cinit        07FD
start_initialization           cinit        07F7
