Microchip MPLAB XC8 Compiler V2.05 ()

Linker command line:

-W-3 --edf=D:\Programs\Compilers\8 bit\pic\dat\en_msgs.txt -cs \
  -h+dist/default/production\C_16F1512_I2C_Master.X.production.sym \
  --cmf=dist/default/production\C_16F1512_I2C_Master.X.production.cmf -z \
  -Q16F1512 -oC:\Users\Jonas\AppData\Local\Temp\snq8.2 \
  --defsym=__MPLAB_BUILD=1 \
  -Mdist/default/production/C_16F1512_I2C_Master.X.production.map -E1 \
  -ver=XC8 --acfsm=1493 -ASTACK=02000h-0206Fh -pstack=STACK \
  -ACODE=00h-07FFh -ASTRCODE=00h-07FFh -ASTRING=00h-0FFhx8 \
  -ACONST=00h-0FFhx8 -AENTRY=00h-0FFhx8 -ACOMMON=070h-07Fh \
  -ABANK0=020h-06Fh -ABANK1=0A0h-0BFh -ABIGRAM=02000h-0206Fh \
  -ARAM=020h-06Fh,0A0h-0BFh -AABS1=020h-07Fh,0A0h-0BFh -ASFR0=00h-01Fh \
  -ASFR1=080h-09Fh -ASFR2=0100h-016Fh -ASFR3=0180h-01EFh -ASFR4=0200h-026Fh \
  -ASFR5=0280h-02EFh -ASFR6=0300h-036Fh -ASFR7=0380h-03EFh \
  -ASFR8=0400h-046Fh -ASFR9=0480h-04EFh -ASFR10=0500h-056Fh \
  -ASFR11=0580h-05EFh -ASFR12=0600h-066Fh -ASFR13=0680h-06EFh \
  -ASFR14=0700h-076Fh -ASFR15=0780h-07EFh -ASFR16=0800h-086Fh \
  -ASFR17=0880h-08EFh -ASFR18=0900h-096Fh -ASFR19=0980h-09EFh \
  -ASFR20=0A00h-0A6Fh -ASFR21=0A80h-0AEFh -ASFR22=0B00h-0B6Fh \
  -ASFR23=0B80h-0BEFh -ASFR24=0C00h-0C6Fh -ASFR25=0C80h-0CEFh \
  -ASFR26=0D00h-0D6Fh -ASFR27=0D80h-0DEFh -ASFR28=0E00h-0E6Fh \
  -ASFR29=0E80h-0EEFh -ASFR30=0F00h-0F6Fh -ASFR31=0F80h-0FEFh \
  -preset_vec=00h,intentry,init,end_init -ppowerup=CODE -pcinit=CODE \
  -pfunctab=ENTRY -ACONFIG=08007h-08008h -pconfig=CONFIG -DCONFIG=2 \
  -AIDLOC=08000h-08003h -pidloc=IDLOC -DIDLOC=2 -DCODE=2 -DSTRCODE=2 \
  -DSTRING=2 -DCONST=2 -DENTRY=2 -k \
  C:\Users\Jonas\AppData\Local\Temp\snq8.o \
  dist/default/production\C_16F1512_I2C_Master.X.production.o 

Object code version is 3.11

Machine type is 16F1512



                Name                               Link     Load   Length Selector   Space Scale
C:\Users\Jonas\AppData\Local\Temp\snq8.o
                end_init                              1        1        1        0       0
                reset_vec                             0        0        1        0       0
dist/default/production\C_16F1512_I2C_Master.X.production.o
                cinit                               7FE      7FE        2      FFC       0
                text11                              7BB      7BB        8      F76       0
                text10                              799      799        4      F32       0
                text9                               79D      79D        4      F3A       0
                text8                               7A5      7A5        5      F4A       0
                text7                               7CB      7CB        D      F96       0
                text6                               7C3      7C3        8      F86       0
                text5                               7AA      7AA        5      F54       0
                text4                               7B4      7B4        7      F68       0
                text3                               7D8      7D8        D      FB0       0
                text2                               7AF      7AF        5      F5E       0
                text1                               7A1      7A1        4      F42       0
                maintext                            7E5      7E5       19      FCA       0
                cstackCOMMON                         70       70        7       70       1

TOTAL           Name                               Link     Load   Length     Space
        CLASS   STACK          

        CLASS   CODE           
                end_init                              1        1        1         0
                cinit                               7FE      7FE        2         0
                reset_vec                             0        0        1         0
                text11                              7BB      7BB        8         0
                text10                              799      799        4         0
                text9                               79D      79D        4         0
                text8                               7A5      7A5        5         0
                text7                               7CB      7CB        D         0
                text6                               7C3      7C3        8         0
                text5                               7AA      7AA        5         0
                text4                               7B4      7B4        7         0
                text3                               7D8      7D8        D         0
                text2                               7AF      7AF        5         0
                text1                               7A1      7A1        4         0
                maintext                            7E5      7E5       19         0

        CLASS   STRCODE        

        CLASS   STRING         

        CLASS   CONST          

        CLASS   ENTRY          

        CLASS   COMMON         
                cstackCOMMON                         70       70        7         1

        CLASS   BANK0          

        CLASS   BANK1          

        CLASS   BIGRAM         

        CLASS   RAM            

        CLASS   ABS1           
                abs_s1                               7E       7E        2         1

        CLASS   SFR0           

        CLASS   SFR1           

        CLASS   SFR2           

        CLASS   SFR3           

        CLASS   SFR4           

        CLASS   SFR5           

        CLASS   SFR6           

        CLASS   SFR7           

        CLASS   SFR8           

        CLASS   SFR9           

        CLASS   SFR10          

        CLASS   SFR11          

        CLASS   SFR12          

        CLASS   SFR13          

        CLASS   SFR14          

        CLASS   SFR15          

        CLASS   SFR16          

        CLASS   SFR17          

        CLASS   SFR18          

        CLASS   SFR19          

        CLASS   SFR20          

        CLASS   SFR21          

        CLASS   SFR22          

        CLASS   SFR23          

        CLASS   SFR24          

        CLASS   SFR25          

        CLASS   SFR26          

        CLASS   SFR27          

        CLASS   SFR28          

        CLASS   SFR29          

        CLASS   SFR30          

        CLASS   SFR31          

        CLASS   CONFIG         

        CLASS   IDLOC          

        CLASS   BANK31         

        CLASS   BANK30         

        CLASS   BANK29         

        CLASS   BANK28         

        CLASS   BANK27         

        CLASS   BANK26         

        CLASS   BANK25         

        CLASS   BANK24         

        CLASS   BANK23         

        CLASS   BANK22         

        CLASS   BANK21         

        CLASS   BANK20         

        CLASS   BANK19         

        CLASS   BANK18         

        CLASS   BANK17         

        CLASS   BANK16         

        CLASS   BANK15         

        CLASS   BANK14         

        CLASS   BANK13         

        CLASS   BANK12         

        CLASS   BANK11         

        CLASS   BANK10         

        CLASS   BANK9          

        CLASS   BANK8          

        CLASS   BANK7          

        CLASS   BANK6          

        CLASS   BANK5          

        CLASS   BANK4          

        CLASS   BANK3          

        CLASS   BANK2          

        CLASS   EEDATA         



SEGMENTS        Name                           Load    Length   Top    Selector   Space  Class     Delta

                reset_vec                      000000  000002  000002         0       0  CODE        2
                cstackCOMMON                   000070  000007  000077        70       1  COMMON      1
                text10                         000799  000004  00079D       F32       0  CODE        2
                text9                          00079D  000004  0007A1       F3A       0  CODE        2
                text1                          0007A1  000004  0007A5       F42       0  CODE        2
                text8                          0007A5  000005  0007AA       F4A       0  CODE        2
                text5                          0007AA  000005  0007AF       F54       0  CODE        2
                text2                          0007AF  000005  0007B4       F5E       0  CODE        2
                text4                          0007B4  000007  0007BB       F68       0  CODE        2
                text11                         0007BB  000008  0007C3       F76       0  CODE        2
                text6                          0007C3  000008  0007CB       F86       0  CODE        2
                text7                          0007CB  00000D  0007D8       F96       0  CODE        2
                text3                          0007D8  00000D  0007E5       FB0       0  CODE        2
                maintext                       0007E5  000019  0007FE       FCA       0  CODE        2
                cinit                          0007FE  000002  000800       FFC       0  CODE        2


UNUSED ADDRESS RANGES

        Name                Unused          Largest block    Delta
        BANK0            0020-006F             50           1
        BANK1            00A0-00BF             20           1
        BIGRAM           2000-206F             70           1
        CODE             0002-0798            797           2
        COMMON           0077-007D              7           1
        CONFIG           8007-8008              2           2
        CONST            0002-0798            100           2
        ENTRY            0002-0798            100           2
        IDLOC            8000-8003              4           2
        RAM              0020-006F             50           1
                         00A0-00BF             20
        SFR0             0000-001F             20           1
        SFR1             0080-009F             20           1
        SFR10            0500-056F             70           1
        SFR11            0580-05EF             70           1
        SFR12            0600-066F             70           1
        SFR13            0680-06EF             70           1
        SFR14            0700-076F             70           1
        SFR15            0780-07EF             70           1
        SFR16            0800-086F             70           1
        SFR17            0880-08EF             70           1
        SFR18            0900-096F             70           1
        SFR19            0980-09EF             70           1
        SFR2             0100-016F             70           1
        SFR20            0A00-0A6F             70           1
        SFR21            0A80-0AEF             70           1
        SFR22            0B00-0B6F             70           1
        SFR23            0B80-0BEF             70           1
        SFR24            0C00-0C6F             70           1
        SFR25            0C80-0CEF             70           1
        SFR26            0D00-0D6F             70           1
        SFR27            0D80-0DEF             70           1
        SFR28            0E00-0E6F             70           1
        SFR29            0E80-0EEF             70           1
        SFR3             0180-01EF             70           1
        SFR30            0F00-0F6F             70           1
        SFR31            0F80-0FEF             70           1
        SFR4             0200-026F             70           1
        SFR5             0280-02EF             70           1
        SFR6             0300-036F             70           1
        SFR7             0380-03EF             70           1
        SFR8             0400-046F             70           1
        SFR9             0480-04EF             70           1
        STACK            2000-206F             70           1
        STRCODE          0002-0798            797           2
        STRING           0002-0798            100           2

                                  Symbol Table

I2C_Master_Write@d         cstackCOMMON 0070
_ANSELA                    (abs)        018C
_ANSELB                    (abs)        018D
_ANSELC                    (abs)        018E
_I2C_Master_Start          text10       0799
_I2C_Master_Stop           text9        079D
_I2C_Master_Wait           text11       07BB
_I2C_Master_Write          text8        07A5
_LATA                      (abs)        010C
_LATB                      (abs)        010D
_LATC                      (abs)        010E
_LATCbits                  (abs)        010E
_OSCCONbits                (abs)        0099
_PEN                       (abs)        10B2
_RSEN                      (abs)        10B1
_SEN                       (abs)        10B0
_SSPADD                    (abs)        0212
_SSPBUF                    (abs)        0211
_SSPCON1                   (abs)        0215
_SSPCON2                   (abs)        0216
_SSPSTAT                   (abs)        0214
_TRISA                     (abs)        008C
_TRISB                     (abs)        008D
_TRISC                     (abs)        008E
__Habs1                    abs1         0000
__Hbank0                   bank0        0000
__Hbank1                   bank1        0000
__Hbank10                  bank10       0000
__Hbank11                  bank11       0000
__Hbank12                  bank12       0000
__Hbank13                  bank13       0000
__Hbank14                  bank14       0000
__Hbank15                  bank15       0000
__Hbank16                  bank16       0000
__Hbank17                  bank17       0000
__Hbank18                  bank18       0000
__Hbank19                  bank19       0000
__Hbank2                   bank2        0000
__Hbank20                  bank20       0000
__Hbank21                  bank21       0000
__Hbank22                  bank22       0000
__Hbank23                  bank23       0000
__Hbank24                  bank24       0000
__Hbank25                  bank25       0000
__Hbank26                  bank26       0000
__Hbank27                  bank27       0000
__Hbank28                  bank28       0000
__Hbank29                  bank29       0000
__Hbank3                   bank3        0000
__Hbank30                  bank30       0000
__Hbank31                  bank31       0000
__Hbank4                   bank4        0000
__Hbank5                   bank5        0000
__Hbank6                   bank6        0000
__Hbank7                   bank7        0000
__Hbank8                   bank8        0000
__Hbank9                   bank9        0000
__Hbigram                  bigram       0000
__Hcinit                   cinit        0800
__Hclrtext                 clrtext      0000
__Hcode                    code         0000
__Hcommon                  common       0000
__Hconfig                  config       0000
__HcstackCOMMON            cstackCOMMON 0000
__Heeprom_data             eeprom_data  0000
__Hend_init                end_init     0002
__Hfunctab                 functab      0000
__Hidloc                   idloc        0000
__Hinit                    init         0001
__Hintentry                intentry     0001
__Hmaintext                maintext     0000
__Hpowerup                 powerup      0000
__Hram                     ram          0000
__Hreset_vec               reset_vec    0001
__Hsfr0                    sfr0         0000
__Hsfr1                    sfr1         0000
__Hsfr10                   sfr10        0000
__Hsfr11                   sfr11        0000
__Hsfr12                   sfr12        0000
__Hsfr13                   sfr13        0000
__Hsfr14                   sfr14        0000
__Hsfr15                   sfr15        0000
__Hsfr16                   sfr16        0000
__Hsfr17                   sfr17        0000
__Hsfr18                   sfr18        0000
__Hsfr19                   sfr19        0000
__Hsfr2                    sfr2         0000
__Hsfr20                   sfr20        0000
__Hsfr21                   sfr21        0000
__Hsfr22                   sfr22        0000
__Hsfr23                   sfr23        0000
__Hsfr24                   sfr24        0000
__Hsfr25                   sfr25        0000
__Hsfr26                   sfr26        0000
__Hsfr27                   sfr27        0000
__Hsfr28                   sfr28        0000
__Hsfr29                   sfr29        0000
__Hsfr3                    sfr3         0000
__Hsfr30                   sfr30        0000
__Hsfr31                   sfr31        0000
__Hsfr4                    sfr4         0000
__Hsfr5                    sfr5         0000
__Hsfr6                    sfr6         0000
__Hsfr7                    sfr7         0000
__Hsfr8                    sfr8         0000
__Hsfr9                    sfr9         0000
__Hspace_0                 (abs)        0800
__Hspace_1                 (abs)        0077
__Hspace_2                 (abs)        0000
__Hspace_3                 (abs)        0000
__Hstack                   stack        0000
__Hstrings                 strings      0000
__Htext                    text         0000
__Labs1                    abs1         0000
__Lbank0                   bank0        0000
__Lbank1                   bank1        0000
__Lbank10                  bank10       0000
__Lbank11                  bank11       0000
__Lbank12                  bank12       0000
__Lbank13                  bank13       0000
__Lbank14                  bank14       0000
__Lbank15                  bank15       0000
__Lbank16                  bank16       0000
__Lbank17                  bank17       0000
__Lbank18                  bank18       0000
__Lbank19                  bank19       0000
__Lbank2                   bank2        0000
__Lbank20                  bank20       0000
__Lbank21                  bank21       0000
__Lbank22                  bank22       0000
__Lbank23                  bank23       0000
__Lbank24                  bank24       0000
__Lbank25                  bank25       0000
__Lbank26                  bank26       0000
__Lbank27                  bank27       0000
__Lbank28                  bank28       0000
__Lbank29                  bank29       0000
__Lbank3                   bank3        0000
__Lbank30                  bank30       0000
__Lbank31                  bank31       0000
__Lbank4                   bank4        0000
__Lbank5                   bank5        0000
__Lbank6                   bank6        0000
__Lbank7                   bank7        0000
__Lbank8                   bank8        0000
__Lbank9                   bank9        0000
__Lbigram                  bigram       0000
__Lcinit                   cinit        07FE
__Lclrtext                 clrtext      0000
__Lcode                    code         0000
__Lcommon                  common       0000
__Lconfig                  config       0000
__LcstackCOMMON            cstackCOMMON 0000
__Leeprom_data             eeprom_data  0000
__Lend_init                end_init     0001
__Lfunctab                 functab      0000
__Lidloc                   idloc        0000
__Linit                    init         0001
__Lintentry                intentry     0001
__Lmaintext                maintext     0000
__Lpowerup                 powerup      0000
__Lram                     ram          0000
__Lreset_vec               reset_vec    0000
__Lsfr0                    sfr0         0000
__Lsfr1                    sfr1         0000
__Lsfr10                   sfr10        0000
__Lsfr11                   sfr11        0000
__Lsfr12                   sfr12        0000
__Lsfr13                   sfr13        0000
__Lsfr14                   sfr14        0000
__Lsfr15                   sfr15        0000
__Lsfr16                   sfr16        0000
__Lsfr17                   sfr17        0000
__Lsfr18                   sfr18        0000
__Lsfr19                   sfr19        0000
__Lsfr2                    sfr2         0000
__Lsfr20                   sfr20        0000
__Lsfr21                   sfr21        0000
__Lsfr22                   sfr22        0000
__Lsfr23                   sfr23        0000
__Lsfr24                   sfr24        0000
__Lsfr25                   sfr25        0000
__Lsfr26                   sfr26        0000
__Lsfr27                   sfr27        0000
__Lsfr28                   sfr28        0000
__Lsfr29                   sfr29        0000
__Lsfr3                    sfr3         0000
__Lsfr30                   sfr30        0000
__Lsfr31                   sfr31        0000
__Lsfr4                    sfr4         0000
__Lsfr5                    sfr5         0000
__Lsfr6                    sfr6         0000
__Lsfr7                    sfr7         0000
__Lsfr8                    sfr8         0000
__Lsfr9                    sfr9         0000
__Lspace_0                 (abs)        0000
__Lspace_1                 (abs)        0000
__Lspace_2                 (abs)        0000
__Lspace_3                 (abs)        0000
__Lstack                   stack        0000
__Lstrings                 strings      0000
__Ltext                    text         0000
__S0                       (abs)        0800
__S1                       (abs)        0077
__S2                       (abs)        0000
___int_sp                  stack        0000
___latbits                 (abs)        0000
___sp                      stack        0000
___stackhi                 (abs)        206F
___stacklo                 (abs)        2000
__end_of_I2C_Master_Start  text10       079D
__end_of_I2C_Master_Stop   text9        07A1
__end_of_I2C_Master_Wait   text11       07C3
__end_of_I2C_Master_Write  text8        07AA
__end_of__initialization   cinit        07FE
__end_of_i2cSend           text7        07D8
__end_of_init              text1        07A5
__end_of_init_i2c          text5        07AF
__end_of_init_i2c_master   text6        07CB
__end_of_init_oscillator   text4        07BB
__end_of_init_ports        text2        07B4
__end_of_main              maintext     07FE
__end_of_reset_ports       text3        07E5
__initialization           cinit        07FE
__pcstackCOMMON            cstackCOMMON 0070
__pmaintext                maintext     07E5
__ptext1                   text1        07A1
__ptext10                  text10       0799
__ptext11                  text11       07BB
__ptext2                   text2        07AF
__ptext3                   text3        07D8
__ptext4                   text4        07B4
__ptext5                   text5        07AA
__ptext6                   text6        07C3
__ptext7                   text7        07CB
__ptext8                   text8        07A5
__ptext9                   text9        079D
__size_of_I2C_Master_Start (abs)        0000
__size_of_I2C_Master_Stop  (abs)        0000
__size_of_I2C_Master_Wait  (abs)        0000
__size_of_I2C_Master_Write (abs)        0000
__size_of_i2cSend          (abs)        0000
__size_of_init             (abs)        0000
__size_of_init_i2c         (abs)        0000
__size_of_init_i2c_master  (abs)        0000
__size_of_init_oscillator  (abs)        0000
__size_of_init_ports       (abs)        0000
__size_of_main             (abs)        0000
__size_of_reset_ports      (abs)        0000
_i2cSend                   text7        07CB
_init                      text1        07A1
_init_i2c                  text5        07AA
_init_i2c_master           text6        07C3
_init_oscillator           text4        07B4
_init_ports                text2        07AF
_main                      maintext     07E5
_reset_ports               text3        07D8
btemp                      (abs)        007E
end_of_initialization      cinit        07FE
i2cSend@data               cstackCOMMON 0072
intlevel0                  functab      0000
intlevel1                  functab      0000
intlevel2                  functab      0000
intlevel3                  functab      0000
intlevel4                  functab      0000
intlevel5                  functab      0000
main@v                     cstackCOMMON 0075
reset_vec                  reset_vec    0000
start                      init         0001
start_initialization       cinit        07FE
wtemp0                     (abs)        007E


FUNCTION INFORMATION:

 *************** function _main *****************
 Defined at:
		line 67 in file "main.c"
 Parameters:    Size  Location     Type
		None
 Auto vars:     Size  Location     Type
  v               2    5[COMMON] unsigned int 
  i               2    0        unsigned int 
 Return value:  Size  Location     Type
                  1    wreg      void 
 Registers used:
		wreg, status,2, status,0, pclath, cstack
 Tracked objects:
		On entry : 
		On exit  : 
		Unchanged: 
 Data sizes:     COMMON   BANK0   BANK1
      Params:         0       0       0
      Locals:         2       0       0
      Temps:          1       0       0
      Totals:         3       0       0
Total ram usage:        3 bytes
 Hardware stack levels required when called:    3
 This function calls:
		_i2cSend
		_init
 This function is called by:
		Startup code after reset
 This function uses a non-reentrant model


 *************** function _init *****************
 Defined at:
		line 8 in file "conf.c"
 Parameters:    Size  Location     Type
		None
 Auto vars:     Size  Location     Type
		None
 Return value:  Size  Location     Type
                  1    wreg      void 
 Registers used:
		wreg, status,2, status,0, pclath, cstack
 Tracked objects:
		On entry : 
		On exit  : 
		Unchanged: 
 Data sizes:     COMMON   BANK0   BANK1
      Params:         0       0       0
      Locals:         0       0       0
      Temps:          0       0       0
      Totals:         0       0       0
Total ram usage:        0 bytes
 Hardware stack levels used:    1
 Hardware stack levels required when called:    2
 This function calls:
		_init_i2c
		_init_oscillator
		_init_ports
 This function is called by:
		_main
 This function uses a non-reentrant model


 *************** function _init_ports *****************
 Defined at:
		line 51 in file "conf.c"
 Parameters:    Size  Location     Type
		None
 Auto vars:     Size  Location     Type
		None
 Return value:  Size  Location     Type
                  1    wreg      void 
 Registers used:
		wreg, status,2, status,0, pclath, cstack
 Tracked objects:
		On entry : 
		On exit  : 
		Unchanged: 
 Data sizes:     COMMON   BANK0   BANK1
      Params:         0       0       0
      Locals:         0       0       0
      Temps:          0       0       0
      Totals:         0       0       0
Total ram usage:        0 bytes
 Hardware stack levels used:    1
 Hardware stack levels required when called:    1
 This function calls:
		_reset_ports
 This function is called by:
		_init
 This function uses a non-reentrant model


 *************** function _reset_ports *****************
 Defined at:
		line 31 in file "conf.c"
 Parameters:    Size  Location     Type
		None
 Auto vars:     Size  Location     Type
		None
 Return value:  Size  Location     Type
                  1    wreg      void 
 Registers used:
		status,2
 Tracked objects:
		On entry : 
		On exit  : 
		Unchanged: 
 Data sizes:     COMMON   BANK0   BANK1
      Params:         0       0       0
      Locals:         0       0       0
      Temps:          0       0       0
      Totals:         0       0       0
Total ram usage:        0 bytes
 Hardware stack levels used:    1
 This function calls:
		Nothing
 This function is called by:
		_init_ports
 This function uses a non-reentrant model


 *************** function _init_oscillator *****************
 Defined at:
		line 16 in file "conf.c"
 Parameters:    Size  Location     Type
		None
 Auto vars:     Size  Location     Type
		None
 Return value:  Size  Location     Type
                  1    wreg      void 
 Registers used:
		wreg, status,2, status,0
 Tracked objects:
		On entry : 
		On exit  : 
		Unchanged: 
 Data sizes:     COMMON   BANK0   BANK1
      Params:         0       0       0
      Locals:         0       0       0
      Temps:          0       0       0
      Totals:         0       0       0
Total ram usage:        0 bytes
 Hardware stack levels used:    1
 This function calls:
		Nothing
 This function is called by:
		_init
 This function uses a non-reentrant model


 *************** function _init_i2c *****************
 Defined at:
		line 61 in file "conf.c"
 Parameters:    Size  Location     Type
		None
 Auto vars:     Size  Location     Type
		None
 Return value:  Size  Location     Type
                  1    wreg      void 
 Registers used:
		wreg, status,2, status,0, pclath, cstack
 Tracked objects:
		On entry : 
		On exit  : 
		Unchanged: 
 Data sizes:     COMMON   BANK0   BANK1
      Params:         0       0       0
      Locals:         0       0       0
      Temps:          0       0       0
      Totals:         0       0       0
Total ram usage:        0 bytes
 Hardware stack levels used:    1
 Hardware stack levels required when called:    1
 This function calls:
		_init_i2c_master
 This function is called by:
		_init
 This function uses a non-reentrant model


 *************** function _init_i2c_master *****************
 Defined at:
		line 68 in file "conf.c"
 Parameters:    Size  Location     Type
		None
 Auto vars:     Size  Location     Type
		None
 Return value:  Size  Location     Type
                  1    wreg      void 
 Registers used:
		wreg, status,2
 Tracked objects:
		On entry : 
		On exit  : 
		Unchanged: 
 Data sizes:     COMMON   BANK0   BANK1
      Params:         0       0       0
      Locals:         0       0       0
      Temps:          0       0       0
      Totals:         0       0       0
Total ram usage:        0 bytes
 Hardware stack levels used:    1
 This function calls:
		Nothing
 This function is called by:
		_init_i2c
 This function uses a non-reentrant model


 *************** function _i2cSend *****************
 Defined at:
		line 49 in file "main.c"
 Parameters:    Size  Location     Type
  data            2    2[COMMON] unsigned int 
 Auto vars:     Size  Location     Type
		None
 Return value:  Size  Location     Type
                  1    wreg      void 
 Registers used:
		wreg, status,2, status,0, pclath, cstack
 Tracked objects:
		On entry : 
		On exit  : 
		Unchanged: 
 Data sizes:     COMMON   BANK0   BANK1
      Params:         2       0       0
      Locals:         0       0       0
      Temps:          0       0       0
      Totals:         2       0       0
Total ram usage:        2 bytes
 Hardware stack levels used:    1
 Hardware stack levels required when called:    2
 This function calls:
		_I2C_Master_Start
		_I2C_Master_Stop
		_I2C_Master_Write
 This function is called by:
		_main
 This function uses a non-reentrant model


 *************** function _I2C_Master_Write *****************
 Defined at:
		line 38 in file "main.c"
 Parameters:    Size  Location     Type
  d               2    0[COMMON] unsigned int 
 Auto vars:     Size  Location     Type
		None
 Return value:  Size  Location     Type
                  1    wreg      void 
 Registers used:
		wreg, status,2, status,0, pclath, cstack
 Tracked objects:
		On entry : 
		On exit  : 
		Unchanged: 
 Data sizes:     COMMON   BANK0   BANK1
      Params:         2       0       0
      Locals:         0       0       0
      Temps:          0       0       0
      Totals:         2       0       0
Total ram usage:        2 bytes
 Hardware stack levels used:    1
 Hardware stack levels required when called:    1
 This function calls:
		_I2C_Master_Wait
 This function is called by:
		_i2cSend
 This function uses a non-reentrant model


 *************** function _I2C_Master_Stop *****************
 Defined at:
		line 32 in file "main.c"
 Parameters:    Size  Location     Type
		None
 Auto vars:     Size  Location     Type
		None
 Return value:  Size  Location     Type
                  1    wreg      void 
 Registers used:
		wreg, status,2, status,0, pclath, cstack
 Tracked objects:
		On entry : 
		On exit  : 
		Unchanged: 
 Data sizes:     COMMON   BANK0   BANK1
      Params:         0       0       0
      Locals:         0       0       0
      Temps:          0       0       0
      Totals:         0       0       0
Total ram usage:        0 bytes
 Hardware stack levels used:    1
 Hardware stack levels required when called:    1
 This function calls:
		_I2C_Master_Wait
 This function is called by:
		_i2cSend
 This function uses a non-reentrant model


 *************** function _I2C_Master_Start *****************
 Defined at:
		line 20 in file "main.c"
 Parameters:    Size  Location     Type
		None
 Auto vars:     Size  Location     Type
		None
 Return value:  Size  Location     Type
                  1    wreg      void 
 Registers used:
		wreg, status,2, status,0, pclath, cstack
 Tracked objects:
		On entry : 
		On exit  : 
		Unchanged: 
 Data sizes:     COMMON   BANK0   BANK1
      Params:         0       0       0
      Locals:         0       0       0
      Temps:          0       0       0
      Totals:         0       0       0
Total ram usage:        0 bytes
 Hardware stack levels used:    1
 Hardware stack levels required when called:    1
 This function calls:
		_I2C_Master_Wait
 This function is called by:
		_i2cSend
 This function uses a non-reentrant model


 *************** function _I2C_Master_Wait *****************
 Defined at:
		line 15 in file "main.c"
 Parameters:    Size  Location     Type
		None
 Auto vars:     Size  Location     Type
		None
 Return value:  Size  Location     Type
                  1    wreg      void 
 Registers used:
		wreg, status,2
 Tracked objects:
		On entry : 
		On exit  : 
		Unchanged: 
 Data sizes:     COMMON   BANK0   BANK1
      Params:         0       0       0
      Locals:         0       0       0
      Temps:          0       0       0
      Totals:         0       0       0
Total ram usage:        0 bytes
 Hardware stack levels used:    1
 This function calls:
		Nothing
 This function is called by:
		_I2C_Master_Start
		_I2C_Master_Stop
		_I2C_Master_Write
		_I2C_Master_RepeatedStart
 This function uses a non-reentrant model



MODULE INFORMATION

Module		Function		Class		Link	Load	Size
conf.c
		_init          		CODE           	07A1	0000	5
		_init_oscillator		CODE           	07B4	0000	8
		_init_ports    		CODE           	07AF	0000	6
		_init_i2c_master		CODE           	07C3	0000	9
		_reset_ports   		CODE           	07D8	0000	14
		_init_i2c      		CODE           	07AA	0000	6

conf.c estimated size: 48

shared
		__initialization		CODE           	07FE	0000	1

shared estimated size: 1

main.c
		_I2C_Master_Wait		CODE           	07BB	0000	9
		_I2C_Master_Stop		CODE           	079D	0000	5
		_main          		CODE           	07E5	0000	26
		_i2cSend       		CODE           	07CB	0000	14
		_I2C_Master_Write		CODE           	07A5	0000	6
		_I2C_Master_Start		CODE           	0799	0000	5

main.c estimated size: 65

